Archive member included because of file (symbol)

/Users/0moi/Documents/SVN - POB-Tools/pobtools/MacOsX/pobtoolsmacos.app/Contents/MacOS/../Resources/sdk/pobeye2/libpob2.a(init.o)
                              ./Hello_world.o (InitPobeye2)
/Users/0moi/Documents/SVN - POB-Tools/pobtools/MacOsX/pobtoolsmacos.app/Contents/MacOS/../Resources/sdk/pobeye2/libpob2.a(graph.o)
                              ./Hello_world.o (InitGraphicBuffer)
/Users/0moi/Documents/SVN - POB-Tools/pobtools/MacOsX/pobtoolsmacos.app/Contents/MacOS/../Resources/sdk/pobeye2/libpob2.a(lcd.o)
                              ./Hello_world.o (DrawLCD)
/Users/0moi/Documents/SVN - POB-Tools/pobtools/MacOsX/pobtoolsmacos.app/Contents/MacOS/../Resources/sdk/pobeye2/libpob2.a(utils.o)
                              /Users/0moi/Documents/SVN - POB-Tools/pobtools/MacOsX/pobtoolsmacos.app/Contents/MacOS/../Resources/sdk/pobeye2/libpob2.a(lcd.o) (WaitMs)
/Users/0moi/Documents/SVN - POB-Tools/pobtools/MacOsX/pobtoolsmacos.app/Contents/MacOS/../Resources/sdk/pobeye2/libpob2.a(io-bus.o)
                              /Users/0moi/Documents/SVN - POB-Tools/pobtools/MacOsX/pobtoolsmacos.app/Contents/MacOS/../Resources/sdk/pobeye2/libpob2.a(lcd.o) (SetIOWay)
/Users/0moi/Documents/SVN - POB-Tools/pobtools/MacOsX/pobtoolsmacos.app/Contents/MacOS/../Resources/sdk/pobeye2/libpob2.a(timer.o)
                              /Users/0moi/Documents/SVN - POB-Tools/pobtools/MacOsX/pobtoolsmacos.app/Contents/MacOS/../Resources/sdk/pobeye2/libpob2.a(io-bus.o) (WaitUs)
/Users/0moi/Documents/SVN - POB-Tools/pobtools/MacOsX/pobtoolsmacos.app/Contents/MacOS/../Resources/sdk/pobeye2/libpob2.a(interrupt.o)
                              /Users/0moi/Documents/SVN - POB-Tools/pobtools/MacOsX/pobtoolsmacos.app/Contents/MacOS/../Resources/sdk/pobeye2/libpob2.a(timer.o) (enableIRQ)
/Users/0moi/Documents/SVN - POB-Tools/pobtools/MacOsX/pobtoolsmacos.app/Contents/MacOS/../Resources/sdk/pobeye2/libpob2.a(uart0.o)
                              /Users/0moi/Documents/SVN - POB-Tools/pobtools/MacOsX/pobtoolsmacos.app/Contents/MacOS/../Resources/sdk/pobeye2/libpob2.a(utils.o) (SendByteToUART0)
/Developer/yagarto-4.4.2/bin/../lib/gcc/arm-elf/4.4.2/interwork/libgcc.a(_udivsi3.o)
                              /Users/0moi/Documents/SVN - POB-Tools/pobtools/MacOsX/pobtoolsmacos.app/Contents/MacOS/../Resources/sdk/pobeye2/libpob2.a(utils.o) (__udivsi3)
/Developer/yagarto-4.4.2/bin/../lib/gcc/arm-elf/4.4.2/interwork/libgcc.a(_divsi3.o)
                              /Users/0moi/Documents/SVN - POB-Tools/pobtools/MacOsX/pobtoolsmacos.app/Contents/MacOS/../Resources/sdk/pobeye2/libpob2.a(graph.o) (__divsi3)
/Developer/yagarto-4.4.2/bin/../lib/gcc/arm-elf/4.4.2/interwork/libgcc.a(_dvmd_tls.o)
                              /Developer/yagarto-4.4.2/bin/../lib/gcc/arm-elf/4.4.2/interwork/libgcc.a(_udivsi3.o) (__div0)

Allocating common symbols
Common symbol       size              file

uart0UserRead       0x4               /Users/0moi/Documents/SVN - POB-Tools/pobtools/MacOsX/pobtoolsmacos.app/Contents/MacOS/../Resources/sdk/pobeye2/libpob2.a(uart0.o)
Timer0Flag          0x1               /Users/0moi/Documents/SVN - POB-Tools/pobtools/MacOsX/pobtoolsmacos.app/Contents/MacOS/../Resources/sdk/pobeye2/libpob2.a(timer.o)
Timer0UserProcess   0x4               /Users/0moi/Documents/SVN - POB-Tools/pobtools/MacOsX/pobtoolsmacos.app/Contents/MacOS/../Resources/sdk/pobeye2/libpob2.a(timer.o)
uart0IntrBuffer     0x40              /Users/0moi/Documents/SVN - POB-Tools/pobtools/MacOsX/pobtoolsmacos.app/Contents/MacOS/../Resources/sdk/pobeye2/libpob2.a(uart0.o)
uart0IntrWrite      0x4               /Users/0moi/Documents/SVN - POB-Tools/pobtools/MacOsX/pobtoolsmacos.app/Contents/MacOS/../Resources/sdk/pobeye2/libpob2.a(uart0.o)

Discarded input sections

 .debug_frame   0x00000000       0x2c /Developer/yagarto-4.4.2/bin/../lib/gcc/arm-elf/4.4.2/interwork/libgcc.a(_udivsi3.o)
 .debug_line    0x00000000       0x94 /Developer/yagarto-4.4.2/bin/../lib/gcc/arm-elf/4.4.2/interwork/libgcc.a(_udivsi3.o)
 .debug_info    0x00000000       0xb3 /Developer/yagarto-4.4.2/bin/../lib/gcc/arm-elf/4.4.2/interwork/libgcc.a(_udivsi3.o)
 .debug_abbrev  0x00000000       0x14 /Developer/yagarto-4.4.2/bin/../lib/gcc/arm-elf/4.4.2/interwork/libgcc.a(_udivsi3.o)
 .debug_aranges
                0x00000000       0x20 /Developer/yagarto-4.4.2/bin/../lib/gcc/arm-elf/4.4.2/interwork/libgcc.a(_udivsi3.o)
 .debug_frame   0x00000000       0x2c /Developer/yagarto-4.4.2/bin/../lib/gcc/arm-elf/4.4.2/interwork/libgcc.a(_divsi3.o)
 .debug_line    0x00000000       0xa0 /Developer/yagarto-4.4.2/bin/../lib/gcc/arm-elf/4.4.2/interwork/libgcc.a(_divsi3.o)
 .debug_info    0x00000000       0xb3 /Developer/yagarto-4.4.2/bin/../lib/gcc/arm-elf/4.4.2/interwork/libgcc.a(_divsi3.o)
 .debug_abbrev  0x00000000       0x14 /Developer/yagarto-4.4.2/bin/../lib/gcc/arm-elf/4.4.2/interwork/libgcc.a(_divsi3.o)
 .debug_aranges
                0x00000000       0x20 /Developer/yagarto-4.4.2/bin/../lib/gcc/arm-elf/4.4.2/interwork/libgcc.a(_divsi3.o)
 .debug_line    0x00000000       0x6d /Developer/yagarto-4.4.2/bin/../lib/gcc/arm-elf/4.4.2/interwork/libgcc.a(_dvmd_tls.o)
 .debug_info    0x00000000       0xb3 /Developer/yagarto-4.4.2/bin/../lib/gcc/arm-elf/4.4.2/interwork/libgcc.a(_dvmd_tls.o)
 .debug_abbrev  0x00000000       0x14 /Developer/yagarto-4.4.2/bin/../lib/gcc/arm-elf/4.4.2/interwork/libgcc.a(_dvmd_tls.o)
 .debug_aranges
                0x00000000       0x20 /Developer/yagarto-4.4.2/bin/../lib/gcc/arm-elf/4.4.2/interwork/libgcc.a(_dvmd_tls.o)

Memory Configuration

Name             Origin             Length             Attributes
flash            0x00000000         0x0001e000
ram              0x40000000         0x0000ffe0
*default*        0x00000000         0xffffffff

Linker script and memory map

LOAD ./Hello_world.o
LOAD /Developer/yagarto-4.4.2/bin/../lib/gcc/arm-elf/4.4.2/../../../../arm-elf/lib/interwork/libc.a
LOAD /Developer/yagarto-4.4.2/bin/../lib/gcc/arm-elf/4.4.2/../../../../arm-elf/lib/interwork/libm.a
LOAD /Developer/yagarto-4.4.2/bin/../lib/gcc/arm-elf/4.4.2/interwork/libgcc.a
LOAD /Users/0moi/Documents/SVN - POB-Tools/pobtools/MacOsX/pobtoolsmacos.app/Contents/MacOS/../Resources/sdk/pobeye2/boot.o
LOAD /Users/0moi/Documents/SVN - POB-Tools/pobtools/MacOsX/pobtoolsmacos.app/Contents/MacOS/../Resources/sdk/pobeye2/libpob2.a
START GROUP
LOAD /Developer/yagarto-4.4.2/bin/../lib/gcc/arm-elf/4.4.2/interwork/libgcc.a
LOAD /Developer/yagarto-4.4.2/bin/../lib/gcc/arm-elf/4.4.2/../../../../arm-elf/lib/interwork/libc.a
END GROUP
                0x00000000                . = 0x0

startup         0x00000000       0x48
 *(.startup)
 .startup       0x00000000       0x48 /Users/0moi/Documents/SVN - POB-Tools/pobtools/MacOsX/pobtoolsmacos.app/Contents/MacOS/../Resources/sdk/pobeye2/boot.o

prog            0x00000048     0x28f0
 *(.text)
 .text          0x00000048       0x7c ./Hello_world.o
                0x00000048                main
 .text          0x000000c4       0xb8 /Users/0moi/Documents/SVN - POB-Tools/pobtools/MacOsX/pobtoolsmacos.app/Contents/MacOS/../Resources/sdk/pobeye2/boot.o
                0x000000c4                start
                0x00000160                endless_loop
 .text          0x0000017c      0x110 /Users/0moi/Documents/SVN - POB-Tools/pobtools/MacOsX/pobtoolsmacos.app/Contents/MacOS/../Resources/sdk/pobeye2/libpob2.a(init.o)
                0x00000198                InitPobeye2
                0x00000278                intr_undefined
                0x0000027c                intr_swi
                0x00000280                intr_pabort
                0x00000284                intr_dabort
                0x00000288                intr_fiq
 .text          0x0000028c      0x8b8 /Users/0moi/Documents/SVN - POB-Tools/pobtools/MacOsX/pobtoolsmacos.app/Contents/MacOS/../Resources/sdk/pobeye2/libpob2.a(graph.o)
                0x0000028c                InitGraphicBuffer
                0x000002a4                ClearGraphicBuffer
                0x000002ec                PlotAPoint
                0x0000035c                DrawComponentInABufferVideo
                0x000003ec                DrawLine
                0x000005a8                GetBitmapWidth
                0x00000638                GetBitmapHeight
                0x000006c4                DrawBitmap
 .text          0x00000b44      0x814 /Users/0moi/Documents/SVN - POB-Tools/pobtools/MacOsX/pobtoolsmacos.app/Contents/MacOS/../Resources/sdk/pobeye2/libpob2.a(lcd.o)
                0x00000b44                SetData
                0x00000b84                TicTac
                0x00000bb0                SetPageXYZ
                0x00000be8                SetLCDIO
                0x00000c0c                DrawLCD
                0x00000fd4                DrawRightLCD
                0x0000117c                DrawLeftLCD
                0x0000131c                InitLCD
 .text          0x00001358      0x1ec /Users/0moi/Documents/SVN - POB-Tools/pobtools/MacOsX/pobtoolsmacos.app/Contents/MacOS/../Resources/sdk/pobeye2/libpob2.a(utils.o)
                0x00001358                SetLed
                0x00001370                ClearLed
                0x00001388                Bin2Dec
                0x00001448                Bin2Hex
                0x00001478                Wait_4Us
                0x000014dc                Wait_100Us
                0x000014f4                WaitMs
                0x0000150c                SendString
 .text          0x00001544      0x214 /Users/0moi/Documents/SVN - POB-Tools/pobtools/MacOsX/pobtoolsmacos.app/Contents/MacOS/../Resources/sdk/pobeye2/libpob2.a(io-bus.o)
                0x00001544                SetIOWay
                0x00001590                GetInput
                0x000015c0                SetOutput
                0x000015f0                ClrOutput
                0x00001620                ClrAndSetOuput
                0x0000163c                ReadByte
                0x000016cc                WriteByte
 .text          0x00001758      0x1d8 /Users/0moi/Documents/SVN - POB-Tools/pobtools/MacOsX/pobtoolsmacos.app/Contents/MacOS/../Resources/sdk/pobeye2/libpob2.a(timer.o)
                0x00001758                WaitUs
                0x000017ac                StartClock
                0x000017f0                GetClock
                0x00001800                StopClock
                0x00001814                Timer0IrqHandler
                0x00001860                StopTimer0
                0x00001870                IsTimer0Overflow
                0x00001898                Timer0AttachFunction
                0x000018a8                Timer0DetachFunction
                0x000018bc                InitTimer0
 .text          0x00001930       0x3c /Users/0moi/Documents/SVN - POB-Tools/pobtools/MacOsX/pobtoolsmacos.app/Contents/MacOS/../Resources/sdk/pobeye2/libpob2.a(interrupt.o)
                0x00001930                enableIRQ
                0x00001940                disableIRQ
                0x00001950                restoreIRQ
 .text          0x0000196c      0x568 /Users/0moi/Documents/SVN - POB-Tools/pobtools/MacOsX/pobtoolsmacos.app/Contents/MacOS/../Resources/sdk/pobeye2/libpob2.a(uart0.o)
                0x0000196c                Uart0IrqHandler
                0x000019f0                GetByteFromUART0Intr
                0x00001a50                SetUART0Configuration
                0x00001cd8                InitUART0
                0x00001d50                FlushUART0
                0x00001d68                IsUART0Empty
                0x00001d88                SendByteToUART0
                0x00001db0                SendBufferToUART0
                0x00001de8                GetByteFromUART0
                0x00001e0c                GetByteFromUART0NoWait
                0x00001e38                GetBufferFromUART0
                0x00001e70                InitUART0Intr
 .text          0x00001ed4      0x114 /Developer/yagarto-4.4.2/bin/../lib/gcc/arm-elf/4.4.2/interwork/libgcc.a(_udivsi3.o)
                0x00001ed4                __udivsi3
                0x00001ed4                __aeabi_uidiv
                0x00001fd0                __aeabi_uidivmod
 .text          0x00001fe8      0x144 /Developer/yagarto-4.4.2/bin/../lib/gcc/arm-elf/4.4.2/interwork/libgcc.a(_divsi3.o)
                0x00001fe8                __aeabi_idiv
                0x00001fe8                __divsi3
                0x00002114                __aeabi_idivmod
 .text          0x0000212c        0x4 /Developer/yagarto-4.4.2/bin/../lib/gcc/arm-elf/4.4.2/interwork/libgcc.a(_dvmd_tls.o)
                0x0000212c                __aeabi_ldiv0
                0x0000212c                __div0
                0x0000212c                __aeabi_idiv0
 *(.rodata)
 .rodata        0x00002130      0x808 ./Hello_world.o
                0x00002130                bitmap
 *(.rodata*)
 *(.glue_7)
 .glue_7        0x00000000        0x0 linker stubs
 *(.glue_7t)
 .glue_7t       0x00000000        0x0 linker stubs

.vfp11_veneer   0x00000000        0x0
 .vfp11_veneer  0x00000000        0x0 linker stubs

.v4_bx          0x00000000        0x0
 .v4_bx         0x00000000        0x0 linker stubs

.eh_frame
 *(.eh_frame)
                0x00000000                __end_of_text__ = .

.data           0x40000000        0x0 load address 0x00002938
                0x40000000                __data_beg__ = .
                0x00002938                __data_beg_src__ = __end_of_text__
 *(.data)
 .data          0x40000000        0x0 ./Hello_world.o
 .data          0x40000000        0x0 /Users/0moi/Documents/SVN - POB-Tools/pobtools/MacOsX/pobtoolsmacos.app/Contents/MacOS/../Resources/sdk/pobeye2/boot.o
 .data          0x40000000        0x0 /Users/0moi/Documents/SVN - POB-Tools/pobtools/MacOsX/pobtoolsmacos.app/Contents/MacOS/../Resources/sdk/pobeye2/libpob2.a(init.o)
 .data          0x40000000        0x0 /Users/0moi/Documents/SVN - POB-Tools/pobtools/MacOsX/pobtoolsmacos.app/Contents/MacOS/../Resources/sdk/pobeye2/libpob2.a(graph.o)
 .data          0x40000000        0x0 /Users/0moi/Documents/SVN - POB-Tools/pobtools/MacOsX/pobtoolsmacos.app/Contents/MacOS/../Resources/sdk/pobeye2/libpob2.a(lcd.o)
 .data          0x40000000        0x0 /Users/0moi/Documents/SVN - POB-Tools/pobtools/MacOsX/pobtoolsmacos.app/Contents/MacOS/../Resources/sdk/pobeye2/libpob2.a(utils.o)
 .data          0x40000000        0x0 /Users/0moi/Documents/SVN - POB-Tools/pobtools/MacOsX/pobtoolsmacos.app/Contents/MacOS/../Resources/sdk/pobeye2/libpob2.a(io-bus.o)
 .data          0x40000000        0x0 /Users/0moi/Documents/SVN - POB-Tools/pobtools/MacOsX/pobtoolsmacos.app/Contents/MacOS/../Resources/sdk/pobeye2/libpob2.a(timer.o)
 .data          0x40000000        0x0 /Users/0moi/Documents/SVN - POB-Tools/pobtools/MacOsX/pobtoolsmacos.app/Contents/MacOS/../Resources/sdk/pobeye2/libpob2.a(interrupt.o)
 .data          0x40000000        0x0 /Users/0moi/Documents/SVN - POB-Tools/pobtools/MacOsX/pobtoolsmacos.app/Contents/MacOS/../Resources/sdk/pobeye2/libpob2.a(uart0.o)
 .data          0x40000000        0x0 /Developer/yagarto-4.4.2/bin/../lib/gcc/arm-elf/4.4.2/interwork/libgcc.a(_udivsi3.o)
 .data          0x40000000        0x0 /Developer/yagarto-4.4.2/bin/../lib/gcc/arm-elf/4.4.2/interwork/libgcc.a(_divsi3.o)
 .data          0x40000000        0x0 /Developer/yagarto-4.4.2/bin/../lib/gcc/arm-elf/4.4.2/interwork/libgcc.a(_dvmd_tls.o)
                0x40000000                __data_end__ = .

.bss            0x40000000       0x50 load address 0x00002938
                0x40000000                __bss_beg__ = .
 *(.bss)
 .bss           0x40000000        0x0 ./Hello_world.o
 .bss           0x40000000        0x0 /Users/0moi/Documents/SVN - POB-Tools/pobtools/MacOsX/pobtoolsmacos.app/Contents/MacOS/../Resources/sdk/pobeye2/boot.o
 .bss           0x40000000        0x0 /Users/0moi/Documents/SVN - POB-Tools/pobtools/MacOsX/pobtoolsmacos.app/Contents/MacOS/../Resources/sdk/pobeye2/libpob2.a(init.o)
 .bss           0x40000000        0x0 /Users/0moi/Documents/SVN - POB-Tools/pobtools/MacOsX/pobtoolsmacos.app/Contents/MacOS/../Resources/sdk/pobeye2/libpob2.a(graph.o)
 .bss           0x40000000        0x0 /Users/0moi/Documents/SVN - POB-Tools/pobtools/MacOsX/pobtoolsmacos.app/Contents/MacOS/../Resources/sdk/pobeye2/libpob2.a(lcd.o)
 .bss           0x40000000        0x0 /Users/0moi/Documents/SVN - POB-Tools/pobtools/MacOsX/pobtoolsmacos.app/Contents/MacOS/../Resources/sdk/pobeye2/libpob2.a(utils.o)
 .bss           0x40000000        0x0 /Users/0moi/Documents/SVN - POB-Tools/pobtools/MacOsX/pobtoolsmacos.app/Contents/MacOS/../Resources/sdk/pobeye2/libpob2.a(io-bus.o)
 .bss           0x40000000        0x0 /Users/0moi/Documents/SVN - POB-Tools/pobtools/MacOsX/pobtoolsmacos.app/Contents/MacOS/../Resources/sdk/pobeye2/libpob2.a(timer.o)
 .bss           0x40000000        0x0 /Users/0moi/Documents/SVN - POB-Tools/pobtools/MacOsX/pobtoolsmacos.app/Contents/MacOS/../Resources/sdk/pobeye2/libpob2.a(interrupt.o)
 .bss           0x40000000        0x0 /Users/0moi/Documents/SVN - POB-Tools/pobtools/MacOsX/pobtoolsmacos.app/Contents/MacOS/../Resources/sdk/pobeye2/libpob2.a(uart0.o)
 .bss           0x40000000        0x0 /Developer/yagarto-4.4.2/bin/../lib/gcc/arm-elf/4.4.2/interwork/libgcc.a(_udivsi3.o)
 .bss           0x40000000        0x0 /Developer/yagarto-4.4.2/bin/../lib/gcc/arm-elf/4.4.2/interwork/libgcc.a(_divsi3.o)
 .bss           0x40000000        0x0 /Developer/yagarto-4.4.2/bin/../lib/gcc/arm-elf/4.4.2/interwork/libgcc.a(_dvmd_tls.o)
 COMMON         0x40000000        0x8 /Users/0moi/Documents/SVN - POB-Tools/pobtools/MacOsX/pobtoolsmacos.app/Contents/MacOS/../Resources/sdk/pobeye2/libpob2.a(timer.o)
                0x40000000                Timer0Flag
                0x40000004                Timer0UserProcess
 COMMON         0x40000008       0x48 /Users/0moi/Documents/SVN - POB-Tools/pobtools/MacOsX/pobtoolsmacos.app/Contents/MacOS/../Resources/sdk/pobeye2/libpob2.a(uart0.o)
                0x40000008                uart0UserRead
                0x4000000c                uart0IntrBuffer
                0x4000004c                uart0IntrWrite

.stack          0x40000100     0x2000 load address 0x00002938
                0x40002100                . = (. + 0x2000)
 *fill*         0x40000100     0x2000 00
                0x40002100                __stack_end__ = .
                0x40002100                . = ALIGN (0x4)
                0x40002100                . = ALIGN (0x4)
                0x40002100                _end = .
                0x40002100                _bss_end__ = .
                0x40002100                __bss_end__ = .
                0x40002100                __end__ = .
                0x40002100                PROVIDE (end, .)
OUTPUT(./Hello_World.elf elf32-littlearm)

.comment        0x00000000       0xa1
 .comment       0x00000000       0x11 ./Hello_world.o
                                 0x12 (size before relaxing)
 .comment       0x00000011       0x12 /Users/0moi/Documents/SVN - POB-Tools/pobtools/MacOsX/pobtoolsmacos.app/Contents/MacOS/../Resources/sdk/pobeye2/libpob2.a(init.o)
 .comment       0x00000023       0x12 /Users/0moi/Documents/SVN - POB-Tools/pobtools/MacOsX/pobtoolsmacos.app/Contents/MacOS/../Resources/sdk/pobeye2/libpob2.a(graph.o)
 .comment       0x00000035       0x12 /Users/0moi/Documents/SVN - POB-Tools/pobtools/MacOsX/pobtoolsmacos.app/Contents/MacOS/../Resources/sdk/pobeye2/libpob2.a(lcd.o)
 .comment       0x00000047       0x12 /Users/0moi/Documents/SVN - POB-Tools/pobtools/MacOsX/pobtoolsmacos.app/Contents/MacOS/../Resources/sdk/pobeye2/libpob2.a(utils.o)
 .comment       0x00000059       0x12 /Users/0moi/Documents/SVN - POB-Tools/pobtools/MacOsX/pobtoolsmacos.app/Contents/MacOS/../Resources/sdk/pobeye2/libpob2.a(io-bus.o)
 .comment       0x0000006b       0x12 /Users/0moi/Documents/SVN - POB-Tools/pobtools/MacOsX/pobtoolsmacos.app/Contents/MacOS/../Resources/sdk/pobeye2/libpob2.a(timer.o)
 .comment       0x0000007d       0x12 /Users/0moi/Documents/SVN - POB-Tools/pobtools/MacOsX/pobtoolsmacos.app/Contents/MacOS/../Resources/sdk/pobeye2/libpob2.a(interrupt.o)
 .comment       0x0000008f       0x12 /Users/0moi/Documents/SVN - POB-Tools/pobtools/MacOsX/pobtoolsmacos.app/Contents/MacOS/../Resources/sdk/pobeye2/libpob2.a(uart0.o)

.ARM.attributes
                0x00000000       0x10
 .ARM.attributes
                0x00000000       0x10 ./Hello_world.o
 .ARM.attributes
                0x00000010       0x10 /Users/0moi/Documents/SVN - POB-Tools/pobtools/MacOsX/pobtoolsmacos.app/Contents/MacOS/../Resources/sdk/pobeye2/boot.o
 .ARM.attributes
                0x00000020       0x10 /Users/0moi/Documents/SVN - POB-Tools/pobtools/MacOsX/pobtoolsmacos.app/Contents/MacOS/../Resources/sdk/pobeye2/libpob2.a(init.o)
 .ARM.attributes
                0x00000030       0x10 /Users/0moi/Documents/SVN - POB-Tools/pobtools/MacOsX/pobtoolsmacos.app/Contents/MacOS/../Resources/sdk/pobeye2/libpob2.a(graph.o)
 .ARM.attributes
                0x00000040       0x10 /Users/0moi/Documents/SVN - POB-Tools/pobtools/MacOsX/pobtoolsmacos.app/Contents/MacOS/../Resources/sdk/pobeye2/libpob2.a(lcd.o)
 .ARM.attributes
                0x00000050       0x10 /Users/0moi/Documents/SVN - POB-Tools/pobtools/MacOsX/pobtoolsmacos.app/Contents/MacOS/../Resources/sdk/pobeye2/libpob2.a(utils.o)
 .ARM.attributes
                0x00000060       0x10 /Users/0moi/Documents/SVN - POB-Tools/pobtools/MacOsX/pobtoolsmacos.app/Contents/MacOS/../Resources/sdk/pobeye2/libpob2.a(io-bus.o)
 .ARM.attributes
                0x00000070       0x10 /Users/0moi/Documents/SVN - POB-Tools/pobtools/MacOsX/pobtoolsmacos.app/Contents/MacOS/../Resources/sdk/pobeye2/libpob2.a(timer.o)
 .ARM.attributes
                0x00000080       0x10 /Users/0moi/Documents/SVN - POB-Tools/pobtools/MacOsX/pobtoolsmacos.app/Contents/MacOS/../Resources/sdk/pobeye2/libpob2.a(interrupt.o)
 .ARM.attributes
                0x00000090       0x10 /Users/0moi/Documents/SVN - POB-Tools/pobtools/MacOsX/pobtoolsmacos.app/Contents/MacOS/../Resources/sdk/pobeye2/libpob2.a(uart0.o)
 .ARM.attributes
                0x000000a0       0x10 /Developer/yagarto-4.4.2/bin/../lib/gcc/arm-elf/4.4.2/interwork/libgcc.a(_udivsi3.o)
 .ARM.attributes
                0x000000b0       0x10 /Developer/yagarto-4.4.2/bin/../lib/gcc/arm-elf/4.4.2/interwork/libgcc.a(_divsi3.o)
 .ARM.attributes
                0x000000c0       0x10 /Developer/yagarto-4.4.2/bin/../lib/gcc/arm-elf/4.4.2/interwork/libgcc.a(_dvmd_tls.o)

.debug_frame

.debug_line

.debug_info

.debug_abbrev

.debug_aranges

.debug_frame

.debug_line

.debug_info

.debug_abbrev

.debug_aranges

.debug_line

.debug_info

.debug_abbrev

.debug_aranges
