Archive member included because of file (symbol)

C:/Program Files (x86)/POB-Technology/POBTOOLS4/sdk/pobeye2\libpob2.a(init.o)
                              ./pobMover.o (InitPobeye2)
C:/Program Files (x86)/POB-Technology/POBTOOLS4/sdk/pobeye2\libpob2.a(uart0.o)
                              ./pobMover.o (InitUART0)
C:/Program Files (x86)/POB-Technology/POBTOOLS4/sdk/pobeye2\libpob2.a(i2c.o)
                              ./pobMover.o (InitI2C)
C:/Program Files (x86)/POB-Technology/POBTOOLS4/sdk/pobeye2\libpob2.a(cam_pobeye2.o)
                              ./pobMover.o (GetRGBFrame)
C:/Program Files (x86)/POB-Technology/POBTOOLS4/sdk/pobeye2\libpob2.a(visio.o)
                              ./pobMover.o (BinaryRGBFrame)
C:/Program Files (x86)/POB-Technology/POBTOOLS4/sdk/pobeye2\libpob2.a(timer.o)
                              ./pobMover.o (WaitUs)
C:/Program Files (x86)/POB-Technology/POBTOOLS4/sdk/pobeye2\libpob2.a(interrupt.o)
                              C:/Program Files (x86)/POB-Technology/POBTOOLS4/sdk/pobeye2\libpob2.a(uart0.o) (enableIRQ)
C:/Program Files (x86)/POB-Technology/POBTOOLS4/sdk/pobeye2\libpob2.a(pob-proto.o)
                              ./pobMover.o (SetPortD)
C:/Program Files (x86)/POB-Technology/POBTOOLS4/sdk/pobeye2\libpob2.a(graph.o)
                              ./pobMover.o (InitGraphicBuffer)
C:/Program Files (x86)/POB-Technology/POBTOOLS4/sdk/pobeye2\libpob2.a(lcd.o)
                              ./pobMover.o (DrawLCD)
C:/Program Files (x86)/POB-Technology/POBTOOLS4/sdk/pobeye2\libpob2.a(pob_printf.o)
                              ./pobMover.o (PrintToUart0)
C:/Program Files (x86)/POB-Technology/POBTOOLS4/sdk/pobeye2\libpob2.a(utils.o)
                              C:/Program Files (x86)/POB-Technology/POBTOOLS4/sdk/pobeye2\libpob2.a(cam_pobeye2.o) (WaitMs)
C:/Program Files (x86)/POB-Technology/POBTOOLS4/sdk/pobeye2\libpob2.a(io-bus.o)
                              C:/Program Files (x86)/POB-Technology/POBTOOLS4/sdk/pobeye2\libpob2.a(lcd.o) (SetIOWay)
c:/program files (x86)/yagarto/bin/../lib/gcc/arm-elf/4.4.1/interwork\libgcc.a(_udivsi3.o)
                              C:/Program Files (x86)/POB-Technology/POBTOOLS4/sdk/pobeye2\libpob2.a(pob_printf.o) (__udivsi3)
c:/program files (x86)/yagarto/bin/../lib/gcc/arm-elf/4.4.1/interwork\libgcc.a(_divsi3.o)
                              C:/Program Files (x86)/POB-Technology/POBTOOLS4/sdk/pobeye2\libpob2.a(visio.o) (__divsi3)
c:/program files (x86)/yagarto/bin/../lib/gcc/arm-elf/4.4.1/interwork\libgcc.a(_umodsi3.o)
                              C:/Program Files (x86)/POB-Technology/POBTOOLS4/sdk/pobeye2\libpob2.a(pob_printf.o) (__umodsi3)
c:/program files (x86)/yagarto/bin/../lib/gcc/arm-elf/4.4.1/interwork\libgcc.a(_dvmd_tls.o)
                              c:/program files (x86)/yagarto/bin/../lib/gcc/arm-elf/4.4.1/interwork\libgcc.a(_udivsi3.o) (__div0)
c:/program files (x86)/yagarto/bin/../lib/gcc/arm-elf/4.4.1/interwork\libgcc.a(_arm_addsubdf3.o)
                              C:/Program Files (x86)/POB-Technology/POBTOOLS4/sdk/pobeye2\libpob2.a(visio.o) (__floatsidf)
c:/program files (x86)/yagarto/bin/../lib/gcc/arm-elf/4.4.1/interwork\libgcc.a(_arm_muldivdf3.o)
                              C:/Program Files (x86)/POB-Technology/POBTOOLS4/sdk/pobeye2\libpob2.a(visio.o) (__muldf3)
c:/program files (x86)/yagarto/bin/../lib/gcc/arm-elf/4.4.1/interwork\libgcc.a(_arm_truncdfsf2.o)
                              C:/Program Files (x86)/POB-Technology/POBTOOLS4/sdk/pobeye2\libpob2.a(visio.o) (__truncdfsf2)
c:/program files (x86)/yagarto/bin/../lib/gcc/arm-elf/4.4.1/interwork\libgcc.a(_arm_addsubsf3.o)
                              C:/Program Files (x86)/POB-Technology/POBTOOLS4/sdk/pobeye2\libpob2.a(visio.o) (__addsf3)
c:/program files (x86)/yagarto/bin/../lib/gcc/arm-elf/4.4.1/interwork\libgcc.a(_arm_muldivsf3.o)
                              C:/Program Files (x86)/POB-Technology/POBTOOLS4/sdk/pobeye2\libpob2.a(visio.o) (__divsf3)
c:/program files (x86)/yagarto/bin/../lib/gcc/arm-elf/4.4.1/interwork\libgcc.a(_arm_fixunssfsi.o)
                              C:/Program Files (x86)/POB-Technology/POBTOOLS4/sdk/pobeye2\libpob2.a(visio.o) (__fixunssfsi)

Allocating common symbols
Common symbol       size              file

uart0UserRead       0x4               C:/Program Files (x86)/POB-Technology/POBTOOLS4/sdk/pobeye2\libpob2.a(uart0.o)
Timer0Flag          0x1               C:/Program Files (x86)/POB-Technology/POBTOOLS4/sdk/pobeye2\libpob2.a(timer.o)
Timer0UserProcess   0x4               C:/Program Files (x86)/POB-Technology/POBTOOLS4/sdk/pobeye2\libpob2.a(timer.o)
uart0IntrBuffer     0x40              C:/Program Files (x86)/POB-Technology/POBTOOLS4/sdk/pobeye2\libpob2.a(uart0.o)
uart0IntrWrite      0x4               C:/Program Files (x86)/POB-Technology/POBTOOLS4/sdk/pobeye2\libpob2.a(uart0.o)

Discarded input sections

 .debug_frame   0x00000000        0x0 c:/program files (x86)/yagarto/bin/../lib/gcc/arm-elf/4.4.1/interwork\libgcc.a(_udivsi3.o)
 .debug_line    0x00000000        0x0 c:/program files (x86)/yagarto/bin/../lib/gcc/arm-elf/4.4.1/interwork\libgcc.a(_udivsi3.o)
 .debug_info    0x00000000        0x0 c:/program files (x86)/yagarto/bin/../lib/gcc/arm-elf/4.4.1/interwork\libgcc.a(_udivsi3.o)
 .debug_abbrev  0x00000000        0x0 c:/program files (x86)/yagarto/bin/../lib/gcc/arm-elf/4.4.1/interwork\libgcc.a(_udivsi3.o)
 .debug_aranges
                0x00000000        0x0 c:/program files (x86)/yagarto/bin/../lib/gcc/arm-elf/4.4.1/interwork\libgcc.a(_udivsi3.o)
 .debug_frame   0x00000000        0x0 c:/program files (x86)/yagarto/bin/../lib/gcc/arm-elf/4.4.1/interwork\libgcc.a(_divsi3.o)
 .debug_line    0x00000000        0x0 c:/program files (x86)/yagarto/bin/../lib/gcc/arm-elf/4.4.1/interwork\libgcc.a(_divsi3.o)
 .debug_info    0x00000000        0x0 c:/program files (x86)/yagarto/bin/../lib/gcc/arm-elf/4.4.1/interwork\libgcc.a(_divsi3.o)
 .debug_abbrev  0x00000000        0x0 c:/program files (x86)/yagarto/bin/../lib/gcc/arm-elf/4.4.1/interwork\libgcc.a(_divsi3.o)
 .debug_aranges
                0x00000000        0x0 c:/program files (x86)/yagarto/bin/../lib/gcc/arm-elf/4.4.1/interwork\libgcc.a(_divsi3.o)
 .debug_frame   0x00000000        0x0 c:/program files (x86)/yagarto/bin/../lib/gcc/arm-elf/4.4.1/interwork\libgcc.a(_umodsi3.o)
 .debug_line    0x00000000        0x0 c:/program files (x86)/yagarto/bin/../lib/gcc/arm-elf/4.4.1/interwork\libgcc.a(_umodsi3.o)
 .debug_info    0x00000000        0x0 c:/program files (x86)/yagarto/bin/../lib/gcc/arm-elf/4.4.1/interwork\libgcc.a(_umodsi3.o)
 .debug_abbrev  0x00000000        0x0 c:/program files (x86)/yagarto/bin/../lib/gcc/arm-elf/4.4.1/interwork\libgcc.a(_umodsi3.o)
 .debug_aranges
                0x00000000        0x0 c:/program files (x86)/yagarto/bin/../lib/gcc/arm-elf/4.4.1/interwork\libgcc.a(_umodsi3.o)
 .debug_line    0x00000000        0x0 c:/program files (x86)/yagarto/bin/../lib/gcc/arm-elf/4.4.1/interwork\libgcc.a(_dvmd_tls.o)
 .debug_info    0x00000000        0x0 c:/program files (x86)/yagarto/bin/../lib/gcc/arm-elf/4.4.1/interwork\libgcc.a(_dvmd_tls.o)
 .debug_abbrev  0x00000000        0x0 c:/program files (x86)/yagarto/bin/../lib/gcc/arm-elf/4.4.1/interwork\libgcc.a(_dvmd_tls.o)
 .debug_aranges
                0x00000000        0x0 c:/program files (x86)/yagarto/bin/../lib/gcc/arm-elf/4.4.1/interwork\libgcc.a(_dvmd_tls.o)
 .debug_line    0x00000000        0x0 c:/program files (x86)/yagarto/bin/../lib/gcc/arm-elf/4.4.1/interwork\libgcc.a(_arm_addsubdf3.o)
 .debug_info    0x00000000        0x0 c:/program files (x86)/yagarto/bin/../lib/gcc/arm-elf/4.4.1/interwork\libgcc.a(_arm_addsubdf3.o)
 .debug_abbrev  0x00000000        0x0 c:/program files (x86)/yagarto/bin/../lib/gcc/arm-elf/4.4.1/interwork\libgcc.a(_arm_addsubdf3.o)
 .debug_aranges
                0x00000000        0x0 c:/program files (x86)/yagarto/bin/../lib/gcc/arm-elf/4.4.1/interwork\libgcc.a(_arm_addsubdf3.o)
 .debug_line    0x00000000        0x0 c:/program files (x86)/yagarto/bin/../lib/gcc/arm-elf/4.4.1/interwork\libgcc.a(_arm_muldivdf3.o)
 .debug_info    0x00000000        0x0 c:/program files (x86)/yagarto/bin/../lib/gcc/arm-elf/4.4.1/interwork\libgcc.a(_arm_muldivdf3.o)
 .debug_abbrev  0x00000000        0x0 c:/program files (x86)/yagarto/bin/../lib/gcc/arm-elf/4.4.1/interwork\libgcc.a(_arm_muldivdf3.o)
 .debug_aranges
                0x00000000        0x0 c:/program files (x86)/yagarto/bin/../lib/gcc/arm-elf/4.4.1/interwork\libgcc.a(_arm_muldivdf3.o)
 .debug_line    0x00000000        0x0 c:/program files (x86)/yagarto/bin/../lib/gcc/arm-elf/4.4.1/interwork\libgcc.a(_arm_truncdfsf2.o)
 .debug_info    0x00000000        0x0 c:/program files (x86)/yagarto/bin/../lib/gcc/arm-elf/4.4.1/interwork\libgcc.a(_arm_truncdfsf2.o)
 .debug_abbrev  0x00000000        0x0 c:/program files (x86)/yagarto/bin/../lib/gcc/arm-elf/4.4.1/interwork\libgcc.a(_arm_truncdfsf2.o)
 .debug_aranges
                0x00000000        0x0 c:/program files (x86)/yagarto/bin/../lib/gcc/arm-elf/4.4.1/interwork\libgcc.a(_arm_truncdfsf2.o)
 .debug_line    0x00000000        0x0 c:/program files (x86)/yagarto/bin/../lib/gcc/arm-elf/4.4.1/interwork\libgcc.a(_arm_addsubsf3.o)
 .debug_info    0x00000000        0x0 c:/program files (x86)/yagarto/bin/../lib/gcc/arm-elf/4.4.1/interwork\libgcc.a(_arm_addsubsf3.o)
 .debug_abbrev  0x00000000        0x0 c:/program files (x86)/yagarto/bin/../lib/gcc/arm-elf/4.4.1/interwork\libgcc.a(_arm_addsubsf3.o)
 .debug_aranges
                0x00000000        0x0 c:/program files (x86)/yagarto/bin/../lib/gcc/arm-elf/4.4.1/interwork\libgcc.a(_arm_addsubsf3.o)
 .debug_line    0x00000000        0x0 c:/program files (x86)/yagarto/bin/../lib/gcc/arm-elf/4.4.1/interwork\libgcc.a(_arm_muldivsf3.o)
 .debug_info    0x00000000        0x0 c:/program files (x86)/yagarto/bin/../lib/gcc/arm-elf/4.4.1/interwork\libgcc.a(_arm_muldivsf3.o)
 .debug_abbrev  0x00000000        0x0 c:/program files (x86)/yagarto/bin/../lib/gcc/arm-elf/4.4.1/interwork\libgcc.a(_arm_muldivsf3.o)
 .debug_aranges
                0x00000000        0x0 c:/program files (x86)/yagarto/bin/../lib/gcc/arm-elf/4.4.1/interwork\libgcc.a(_arm_muldivsf3.o)
 .debug_line    0x00000000        0x0 c:/program files (x86)/yagarto/bin/../lib/gcc/arm-elf/4.4.1/interwork\libgcc.a(_arm_fixunssfsi.o)
 .debug_info    0x00000000        0x0 c:/program files (x86)/yagarto/bin/../lib/gcc/arm-elf/4.4.1/interwork\libgcc.a(_arm_fixunssfsi.o)
 .debug_abbrev  0x00000000        0x0 c:/program files (x86)/yagarto/bin/../lib/gcc/arm-elf/4.4.1/interwork\libgcc.a(_arm_fixunssfsi.o)
 .debug_aranges
                0x00000000        0x0 c:/program files (x86)/yagarto/bin/../lib/gcc/arm-elf/4.4.1/interwork\libgcc.a(_arm_fixunssfsi.o)

Memory Configuration

Name             Origin             Length             Attributes
flash            0x00000000         0x0001e000
ram              0x40000000         0x0000ffe0
*default*        0x00000000         0xffffffff

Linker script and memory map

LOAD ./pobMover.o
LOAD c:/program files (x86)/yagarto/bin/../lib/gcc/arm-elf/4.4.1/../../../../arm-elf/lib/interwork\libc.a
LOAD c:/program files (x86)/yagarto/bin/../lib/gcc/arm-elf/4.4.1/../../../../arm-elf/lib/interwork\libm.a
LOAD c:/program files (x86)/yagarto/bin/../lib/gcc/arm-elf/4.4.1/interwork\libgcc.a
LOAD C:/Program Files (x86)/POB-Technology/POBTOOLS4/sdk/pobeye2\boot.o
LOAD C:/Program Files (x86)/POB-Technology/POBTOOLS4/sdk/pobeye2\libpob2.a
START GROUP
LOAD c:/program files (x86)/yagarto/bin/../lib/gcc/arm-elf/4.4.1/interwork\libgcc.a
LOAD c:/program files (x86)/yagarto/bin/../lib/gcc/arm-elf/4.4.1/../../../../arm-elf/lib/interwork\libc.a
END GROUP
                0x00000000                . = 0x0

startup         0x00000000       0x48
 *(.startup)
 .startup       0x00000000       0x48 C:/Program Files (x86)/POB-Technology/POBTOOLS4/sdk/pobeye2\boot.o

prog            0x00000048     0x962c
 *(.text)
 .text          0x00000048      0x2b8 ./pobMover.o
                0x00000074                MoveBot
                0x00000048                InitPobProto
                0x000000a0                ReadPobEye
                0x00000268                main
                0x00000088                PobSymbolAction
                0x000000c0                PobSymbolDetect
 .text          0x00000300       0xb8 C:/Program Files (x86)/POB-Technology/POBTOOLS4/sdk/pobeye2\boot.o
                0x00000300                start
                0x0000039c                endless_loop
 .text          0x000003b8      0x110 C:/Program Files (x86)/POB-Technology/POBTOOLS4/sdk/pobeye2\libpob2.a(init.o)
                0x000004b8                intr_swi
                0x000003d4                InitPobeye2
                0x000004b4                intr_undefined
                0x000004c4                intr_fiq
                0x000004c0                intr_dabort
                0x000004bc                intr_pabort
 .text          0x000004c8      0x568 C:/Program Files (x86)/POB-Technology/POBTOOLS4/sdk/pobeye2\libpob2.a(uart0.o)
                0x00000834                InitUART0
                0x000005ac                SetUART0Configuration
                0x000009cc                InitUART0Intr
                0x000008ac                FlushUART0
                0x000008e4                SendByteToUART0
                0x000004c8                Uart0IrqHandler
                0x000008c4                IsUART0Empty
                0x00000944                GetByteFromUART0
                0x00000994                GetBufferFromUART0
                0x00000968                GetByteFromUART0NoWait
                0x0000090c                SendBufferToUART0
                0x0000054c                GetByteFromUART0Intr
 .text          0x00000a30      0x29c C:/Program Files (x86)/POB-Technology/POBTOOLS4/sdk/pobeye2\libpob2.a(i2c.o)
                0x00000c10                WriteOnI2C
                0x00000a30                InitI2C
                0x00000b68                ReadOnI2C
                0x00000c4c                WriteBufferOnI2C
                0x00000ca0                StopI2C
                0x00000ba8                ReadOnI2CWithAck
                0x00000a94                SendSlaveAddress
 .text          0x00000ccc      0x5b8 C:/Program Files (x86)/POB-Technology/POBTOOLS4/sdk/pobeye2\libpob2.a(cam_pobeye2.o)
                0x00000f7c                SetCameraParameter
                0x00000e5c                GrabRGBFrame
                0x00000cd8                InitCameraPobeye2ForCubot
                0x00000fac                QvgaRaw
                0x00001204                InitCameraPobeye2
                0x00000ccc                GetRGBFrame
                0x00000d44                GrabFullRGBFrame
 .text          0x00001284     0x1288 C:/Program Files (x86)/POB-Technology/POBTOOLS4/sdk/pobeye2\libpob2.a(visio.o)
                0x00001344                GetHSLFrame
                0x00001284                BinaryRGBFrame
                0x00001f7c                TestPattern
                0x000017ac                CutForm
                0x00002378                IdentifyForm
                0x00001678                Square
                0x00001490                GetHSVFrame
                0x00001d10                FindFormWithCadrige
                0x00001630                GrayAPixel
                0x00001dbc                DrawVec
                0x000015c4                GrayRGBFrame
 .text          0x0000250c      0x1d8 C:/Program Files (x86)/POB-Technology/POBTOOLS4/sdk/pobeye2\libpob2.a(timer.o)
                0x0000250c                WaitUs
                0x00002560                StartClock
                0x0000264c                Timer0AttachFunction
                0x00002614                StopTimer0
                0x000025c8                Timer0IrqHandler
                0x0000265c                Timer0DetachFunction
                0x00002670                InitTimer0
                0x000025a4                GetClock
                0x00002624                IsTimer0Overflow
                0x000025b4                StopClock
 .text          0x000026e4       0x3c C:/Program Files (x86)/POB-Technology/POBTOOLS4/sdk/pobeye2\libpob2.a(interrupt.o)
                0x00002704                restoreIRQ
                0x000026e4                enableIRQ
                0x000026f4                disableIRQ
 .text          0x00002720      0x91c C:/Program Files (x86)/POB-Technology/POBTOOLS4/sdk/pobeye2\libpob2.a(pob-proto.o)
                0x00002fa4                GetPinPortA
                0x00002b84                GetPinPortC
                0x00002974                SetPortD
                0x00002f8c                SetPinPortA
                0x00002720                SendToSapien
                0x0000299c                SetPortA
                0x00002f74                ClearPinPortA
                0x00002890                SetServoMotorFull
                0x000029c4                SetPortDAsServo
                0x00002d2c                ClearPinPortD
                0x00002ea0                GetPortA
                0x0000294c                SetPortC
                0x00002d5c                GetPinPortD
                0x00002794                SwitchOffOneServoFull
                0x000028f4                SetServoMotor
                0x00002b6c                SetPinPortC
                0x00002878                SwitchOffAllServo
                0x00002820                SwitchOffOneServo
                0x00002d44                SetPinPortD
                0x00002748                SwitchOnOneServoFull
                0x00002b54                ClearPinPortC
                0x000029dc                SetPobProto
                0x00002a74                GetPortC
                0x00002a44                SendEcho
                0x00002e1c                GetPortAnalog
                0x000027e0                SwitchOnOneServo
                0x00002c24                GetPortD
                0x00002860                SwitchOnAllServo
 .text          0x0000303c      0x8b8 C:/Program Files (x86)/POB-Technology/POBTOOLS4/sdk/pobeye2\libpob2.a(graph.o)
                0x0000303c                InitGraphicBuffer
                0x00003474                DrawBitmap
                0x0000309c                PlotAPoint
                0x00003054                ClearGraphicBuffer
                0x0000319c                DrawLine
                0x00003358                GetBitmapWidth
                0x000033e8                GetBitmapHeight
                0x0000310c                DrawComponentInABufferVideo
 .text          0x000038f4      0x814 C:/Program Files (x86)/POB-Technology/POBTOOLS4/sdk/pobeye2\libpob2.a(lcd.o)
                0x00003960                SetPageXYZ
                0x00003998                SetLCDIO
                0x000038f4                SetData
                0x00003934                TicTac
                0x000039bc                DrawLCD
                0x000040cc                InitLCD
                0x00003d84                DrawRightLCD
                0x00003f2c                DrawLeftLCD
 .text          0x00004108      0x4a8 C:/Program Files (x86)/POB-Technology/POBTOOLS4/sdk/pobeye2\libpob2.a(pob_printf.o)
                0x00004570                PrintTextOnPobTerminal
                0x00004540                PrintToABuffer
                0x00004590                PrintToUart0
 .text          0x000045b0      0x1ec C:/Program Files (x86)/POB-Technology/POBTOOLS4/sdk/pobeye2\libpob2.a(utils.o)
                0x0000474c                WaitMs
                0x000045b0                SetLed
                0x000046d0                Wait_4Us
                0x000045e0                Bin2Dec
                0x000045c8                ClearLed
                0x00004734                Wait_100Us
                0x00004764                SendString
                0x000046a0                Bin2Hex
 .text          0x0000479c      0x214 C:/Program Files (x86)/POB-Technology/POBTOOLS4/sdk/pobeye2\libpob2.a(io-bus.o)
                0x00004848                ClrOutput
                0x00004894                ReadByte
                0x000047e8                GetInput
                0x00004818                SetOutput
                0x00004924                WriteByte
                0x0000479c                SetIOWay
                0x00004878                ClrAndSetOuput
 .text          0x000049b0      0x114 c:/program files (x86)/yagarto/bin/../lib/gcc/arm-elf/4.4.1/interwork\libgcc.a(_udivsi3.o)
                0x000049b0                __udivsi3
                0x000049b0                __aeabi_uidiv
                0x00004aac                __aeabi_uidivmod
 .text          0x00004ac4      0x144 c:/program files (x86)/yagarto/bin/../lib/gcc/arm-elf/4.4.1/interwork\libgcc.a(_divsi3.o)
                0x00004ac4                __aeabi_idiv
                0x00004ac4                __divsi3
                0x00004bf0                __aeabi_idivmod
 .text          0x00004c08       0xd0 c:/program files (x86)/yagarto/bin/../lib/gcc/arm-elf/4.4.1/interwork\libgcc.a(_umodsi3.o)
                0x00004c08                __umodsi3
 .text          0x00004cd8        0x4 c:/program files (x86)/yagarto/bin/../lib/gcc/arm-elf/4.4.1/interwork\libgcc.a(_dvmd_tls.o)
                0x00004cd8                __aeabi_ldiv0
                0x00004cd8                __div0
                0x00004cd8                __aeabi_idiv0
 .text          0x00004cdc      0x430 c:/program files (x86)/yagarto/bin/../lib/gcc/arm-elf/4.4.1/interwork\libgcc.a(_arm_addsubdf3.o)
                0x000050a0                __floatdidf
                0x00005020                __floatsidf
                0x00004ff8                __aeabi_ui2d
                0x00004cdc                __aeabi_drsub
                0x0000504c                __extendsfdf2
                0x00004ce8                __adddf3
                0x00004ff8                __floatunsidf
                0x00004ce8                __aeabi_dadd
                0x0000508c                __aeabi_ul2d
                0x00004ce4                __aeabi_dsub
                0x0000508c                __floatundidf
                0x00005020                __aeabi_i2d
                0x000050a0                __aeabi_l2d
                0x0000504c                __aeabi_f2d
                0x00004ce4                __subdf3
 .text          0x0000510c      0x49c c:/program files (x86)/yagarto/bin/../lib/gcc/arm-elf/4.4.1/interwork\libgcc.a(_arm_muldivdf3.o)
                0x0000539c                __aeabi_ddiv
                0x0000510c                __aeabi_dmul
                0x0000539c                __divdf3
                0x0000510c                __muldf3
 .text          0x000055a8       0xa0 c:/program files (x86)/yagarto/bin/../lib/gcc/arm-elf/4.4.1/interwork\libgcc.a(_arm_truncdfsf2.o)
                0x000055a8                __aeabi_d2f
                0x000055a8                __truncdfsf2
 .text          0x00005648      0x2ac c:/program files (x86)/yagarto/bin/../lib/gcc/arm-elf/4.4.1/interwork\libgcc.a(_arm_addsubsf3.o)
                0x00005654                __aeabi_fadd
                0x00005650                __subsf3
                0x00005818                __aeabi_i2f
                0x00005650                __aeabi_fsub
                0x00005848                __floatdisf
                0x00005818                __floatsisf
                0x00005838                __floatundisf
                0x00005810                __aeabi_ui2f
                0x00005848                __aeabi_l2f
                0x00005838                __aeabi_ul2f
                0x00005648                __aeabi_frsub
                0x00005810                __floatunsisf
                0x00005654                __addsf3
 .text          0x000058f4      0x2f8 c:/program files (x86)/yagarto/bin/../lib/gcc/arm-elf/4.4.1/interwork\libgcc.a(_arm_muldivsf3.o)
                0x00005a8c                __divsf3
                0x00005a8c                __aeabi_fdiv
                0x000058f4                __mulsf3
                0x000058f4                __aeabi_fmul
 .text          0x00005bec       0x54 c:/program files (x86)/yagarto/bin/../lib/gcc/arm-elf/4.4.1/interwork\libgcc.a(_arm_fixunssfsi.o)
                0x00005bec                __aeabi_f2uiz
                0x00005bec                __fixunssfsi
 *(.rodata)
 .rodata        0x00005c40     0x39f4 ./pobMover.o
                0x00005e08                bitmap
                0x00005c40                pattern
 .rodata        0x00009634        0x8 C:/Program Files (x86)/POB-Technology/POBTOOLS4/sdk/pobeye2\libpob2.a(i2c.o)
 *(.rodata*)
 .rodata.str1.4
                0x0000963c       0x2e ./pobMover.o
                                 0x30 (size before relaxing)
 *fill*         0x0000966a        0x2 00
 .rodata.str1.4
                0x0000966c        0x8 C:/Program Files (x86)/POB-Technology/POBTOOLS4/sdk/pobeye2\libpob2.a(pob_printf.o)
 *(.glue_7)
 .glue_7        0x00009674        0x0 ./pobMover.o
 .glue_7        0x00009674        0x0 C:/Program Files (x86)/POB-Technology/POBTOOLS4/sdk/pobeye2\boot.o
 .glue_7        0x00009674        0x0 C:/Program Files (x86)/POB-Technology/POBTOOLS4/sdk/pobeye2\libpob2.a(init.o)
 .glue_7        0x00009674        0x0 C:/Program Files (x86)/POB-Technology/POBTOOLS4/sdk/pobeye2\libpob2.a(uart0.o)
 .glue_7        0x00009674        0x0 C:/Program Files (x86)/POB-Technology/POBTOOLS4/sdk/pobeye2\libpob2.a(i2c.o)
 .glue_7        0x00009674        0x0 C:/Program Files (x86)/POB-Technology/POBTOOLS4/sdk/pobeye2\libpob2.a(cam_pobeye2.o)
 .glue_7        0x00009674        0x0 C:/Program Files (x86)/POB-Technology/POBTOOLS4/sdk/pobeye2\libpob2.a(visio.o)
 .glue_7        0x00009674        0x0 C:/Program Files (x86)/POB-Technology/POBTOOLS4/sdk/pobeye2\libpob2.a(timer.o)
 .glue_7        0x00009674        0x0 C:/Program Files (x86)/POB-Technology/POBTOOLS4/sdk/pobeye2\libpob2.a(interrupt.o)
 .glue_7        0x00009674        0x0 C:/Program Files (x86)/POB-Technology/POBTOOLS4/sdk/pobeye2\libpob2.a(pob-proto.o)
 .glue_7        0x00009674        0x0 C:/Program Files (x86)/POB-Technology/POBTOOLS4/sdk/pobeye2\libpob2.a(graph.o)
 .glue_7        0x00009674        0x0 C:/Program Files (x86)/POB-Technology/POBTOOLS4/sdk/pobeye2\libpob2.a(lcd.o)
 .glue_7        0x00009674        0x0 C:/Program Files (x86)/POB-Technology/POBTOOLS4/sdk/pobeye2\libpob2.a(pob_printf.o)
 .glue_7        0x00009674        0x0 C:/Program Files (x86)/POB-Technology/POBTOOLS4/sdk/pobeye2\libpob2.a(utils.o)
 .glue_7        0x00009674        0x0 C:/Program Files (x86)/POB-Technology/POBTOOLS4/sdk/pobeye2\libpob2.a(io-bus.o)
 .glue_7        0x00009674        0x0 c:/program files (x86)/yagarto/bin/../lib/gcc/arm-elf/4.4.1/interwork\libgcc.a(_udivsi3.o)
 .glue_7        0x00009674        0x0 c:/program files (x86)/yagarto/bin/../lib/gcc/arm-elf/4.4.1/interwork\libgcc.a(_divsi3.o)
 .glue_7        0x00009674        0x0 c:/program files (x86)/yagarto/bin/../lib/gcc/arm-elf/4.4.1/interwork\libgcc.a(_umodsi3.o)
 .glue_7        0x00009674        0x0 c:/program files (x86)/yagarto/bin/../lib/gcc/arm-elf/4.4.1/interwork\libgcc.a(_dvmd_tls.o)
 .glue_7        0x00009674        0x0 c:/program files (x86)/yagarto/bin/../lib/gcc/arm-elf/4.4.1/interwork\libgcc.a(_arm_addsubdf3.o)
 .glue_7        0x00009674        0x0 c:/program files (x86)/yagarto/bin/../lib/gcc/arm-elf/4.4.1/interwork\libgcc.a(_arm_muldivdf3.o)
 .glue_7        0x00009674        0x0 c:/program files (x86)/yagarto/bin/../lib/gcc/arm-elf/4.4.1/interwork\libgcc.a(_arm_truncdfsf2.o)
 .glue_7        0x00009674        0x0 c:/program files (x86)/yagarto/bin/../lib/gcc/arm-elf/4.4.1/interwork\libgcc.a(_arm_addsubsf3.o)
 .glue_7        0x00009674        0x0 c:/program files (x86)/yagarto/bin/../lib/gcc/arm-elf/4.4.1/interwork\libgcc.a(_arm_muldivsf3.o)
 .glue_7        0x00009674        0x0 c:/program files (x86)/yagarto/bin/../lib/gcc/arm-elf/4.4.1/interwork\libgcc.a(_arm_fixunssfsi.o)
 *(.glue_7t)
 .glue_7t       0x00009674        0x0 ./pobMover.o
 .glue_7t       0x00009674        0x0 C:/Program Files (x86)/POB-Technology/POBTOOLS4/sdk/pobeye2\boot.o
 .glue_7t       0x00009674        0x0 C:/Program Files (x86)/POB-Technology/POBTOOLS4/sdk/pobeye2\libpob2.a(init.o)
 .glue_7t       0x00009674        0x0 C:/Program Files (x86)/POB-Technology/POBTOOLS4/sdk/pobeye2\libpob2.a(uart0.o)
 .glue_7t       0x00009674        0x0 C:/Program Files (x86)/POB-Technology/POBTOOLS4/sdk/pobeye2\libpob2.a(i2c.o)
 .glue_7t       0x00009674        0x0 C:/Program Files (x86)/POB-Technology/POBTOOLS4/sdk/pobeye2\libpob2.a(cam_pobeye2.o)
 .glue_7t       0x00009674        0x0 C:/Program Files (x86)/POB-Technology/POBTOOLS4/sdk/pobeye2\libpob2.a(visio.o)
 .glue_7t       0x00009674        0x0 C:/Program Files (x86)/POB-Technology/POBTOOLS4/sdk/pobeye2\libpob2.a(timer.o)
 .glue_7t       0x00009674        0x0 C:/Program Files (x86)/POB-Technology/POBTOOLS4/sdk/pobeye2\libpob2.a(interrupt.o)
 .glue_7t       0x00009674        0x0 C:/Program Files (x86)/POB-Technology/POBTOOLS4/sdk/pobeye2\libpob2.a(pob-proto.o)
 .glue_7t       0x00009674        0x0 C:/Program Files (x86)/POB-Technology/POBTOOLS4/sdk/pobeye2\libpob2.a(graph.o)
 .glue_7t       0x00009674        0x0 C:/Program Files (x86)/POB-Technology/POBTOOLS4/sdk/pobeye2\libpob2.a(lcd.o)
 .glue_7t       0x00009674        0x0 C:/Program Files (x86)/POB-Technology/POBTOOLS4/sdk/pobeye2\libpob2.a(pob_printf.o)
 .glue_7t       0x00009674        0x0 C:/Program Files (x86)/POB-Technology/POBTOOLS4/sdk/pobeye2\libpob2.a(utils.o)
 .glue_7t       0x00009674        0x0 C:/Program Files (x86)/POB-Technology/POBTOOLS4/sdk/pobeye2\libpob2.a(io-bus.o)
 .glue_7t       0x00009674        0x0 c:/program files (x86)/yagarto/bin/../lib/gcc/arm-elf/4.4.1/interwork\libgcc.a(_udivsi3.o)
 .glue_7t       0x00009674        0x0 c:/program files (x86)/yagarto/bin/../lib/gcc/arm-elf/4.4.1/interwork\libgcc.a(_divsi3.o)
 .glue_7t       0x00009674        0x0 c:/program files (x86)/yagarto/bin/../lib/gcc/arm-elf/4.4.1/interwork\libgcc.a(_umodsi3.o)
 .glue_7t       0x00009674        0x0 c:/program files (x86)/yagarto/bin/../lib/gcc/arm-elf/4.4.1/interwork\libgcc.a(_dvmd_tls.o)
 .glue_7t       0x00009674        0x0 c:/program files (x86)/yagarto/bin/../lib/gcc/arm-elf/4.4.1/interwork\libgcc.a(_arm_addsubdf3.o)
 .glue_7t       0x00009674        0x0 c:/program files (x86)/yagarto/bin/../lib/gcc/arm-elf/4.4.1/interwork\libgcc.a(_arm_muldivdf3.o)
 .glue_7t       0x00009674        0x0 c:/program files (x86)/yagarto/bin/../lib/gcc/arm-elf/4.4.1/interwork\libgcc.a(_arm_truncdfsf2.o)
 .glue_7t       0x00009674        0x0 c:/program files (x86)/yagarto/bin/../lib/gcc/arm-elf/4.4.1/interwork\libgcc.a(_arm_addsubsf3.o)
 .glue_7t       0x00009674        0x0 c:/program files (x86)/yagarto/bin/../lib/gcc/arm-elf/4.4.1/interwork\libgcc.a(_arm_muldivsf3.o)
 .glue_7t       0x00009674        0x0 c:/program files (x86)/yagarto/bin/../lib/gcc/arm-elf/4.4.1/interwork\libgcc.a(_arm_fixunssfsi.o)

.vfp11_veneer   0x00000000        0x0
 .vfp11_veneer  0x00000000        0x0 ./pobMover.o
 .vfp11_veneer  0x00000000        0x0 C:/Program Files (x86)/POB-Technology/POBTOOLS4/sdk/pobeye2\boot.o
 .vfp11_veneer  0x00000000        0x0 C:/Program Files (x86)/POB-Technology/POBTOOLS4/sdk/pobeye2\libpob2.a(init.o)
 .vfp11_veneer  0x00000000        0x0 C:/Program Files (x86)/POB-Technology/POBTOOLS4/sdk/pobeye2\libpob2.a(uart0.o)
 .vfp11_veneer  0x00000000        0x0 C:/Program Files (x86)/POB-Technology/POBTOOLS4/sdk/pobeye2\libpob2.a(i2c.o)
 .vfp11_veneer  0x00000000        0x0 C:/Program Files (x86)/POB-Technology/POBTOOLS4/sdk/pobeye2\libpob2.a(cam_pobeye2.o)
 .vfp11_veneer  0x00000000        0x0 C:/Program Files (x86)/POB-Technology/POBTOOLS4/sdk/pobeye2\libpob2.a(visio.o)
 .vfp11_veneer  0x00000000        0x0 C:/Program Files (x86)/POB-Technology/POBTOOLS4/sdk/pobeye2\libpob2.a(timer.o)
 .vfp11_veneer  0x00000000        0x0 C:/Program Files (x86)/POB-Technology/POBTOOLS4/sdk/pobeye2\libpob2.a(interrupt.o)
 .vfp11_veneer  0x00000000        0x0 C:/Program Files (x86)/POB-Technology/POBTOOLS4/sdk/pobeye2\libpob2.a(pob-proto.o)
 .vfp11_veneer  0x00000000        0x0 C:/Program Files (x86)/POB-Technology/POBTOOLS4/sdk/pobeye2\libpob2.a(graph.o)
 .vfp11_veneer  0x00000000        0x0 C:/Program Files (x86)/POB-Technology/POBTOOLS4/sdk/pobeye2\libpob2.a(lcd.o)
 .vfp11_veneer  0x00000000        0x0 C:/Program Files (x86)/POB-Technology/POBTOOLS4/sdk/pobeye2\libpob2.a(pob_printf.o)
 .vfp11_veneer  0x00000000        0x0 C:/Program Files (x86)/POB-Technology/POBTOOLS4/sdk/pobeye2\libpob2.a(utils.o)
 .vfp11_veneer  0x00000000        0x0 C:/Program Files (x86)/POB-Technology/POBTOOLS4/sdk/pobeye2\libpob2.a(io-bus.o)
 .vfp11_veneer  0x00000000        0x0 c:/program files (x86)/yagarto/bin/../lib/gcc/arm-elf/4.4.1/interwork\libgcc.a(_udivsi3.o)
 .vfp11_veneer  0x00000000        0x0 c:/program files (x86)/yagarto/bin/../lib/gcc/arm-elf/4.4.1/interwork\libgcc.a(_divsi3.o)
 .vfp11_veneer  0x00000000        0x0 c:/program files (x86)/yagarto/bin/../lib/gcc/arm-elf/4.4.1/interwork\libgcc.a(_umodsi3.o)
 .vfp11_veneer  0x00000000        0x0 c:/program files (x86)/yagarto/bin/../lib/gcc/arm-elf/4.4.1/interwork\libgcc.a(_dvmd_tls.o)
 .vfp11_veneer  0x00000000        0x0 c:/program files (x86)/yagarto/bin/../lib/gcc/arm-elf/4.4.1/interwork\libgcc.a(_arm_addsubdf3.o)
 .vfp11_veneer  0x00000000        0x0 c:/program files (x86)/yagarto/bin/../lib/gcc/arm-elf/4.4.1/interwork\libgcc.a(_arm_muldivdf3.o)
 .vfp11_veneer  0x00000000        0x0 c:/program files (x86)/yagarto/bin/../lib/gcc/arm-elf/4.4.1/interwork\libgcc.a(_arm_truncdfsf2.o)
 .vfp11_veneer  0x00000000        0x0 c:/program files (x86)/yagarto/bin/../lib/gcc/arm-elf/4.4.1/interwork\libgcc.a(_arm_addsubsf3.o)
 .vfp11_veneer  0x00000000        0x0 c:/program files (x86)/yagarto/bin/../lib/gcc/arm-elf/4.4.1/interwork\libgcc.a(_arm_muldivsf3.o)
 .vfp11_veneer  0x00000000        0x0 c:/program files (x86)/yagarto/bin/../lib/gcc/arm-elf/4.4.1/interwork\libgcc.a(_arm_fixunssfsi.o)

.v4_bx          0x00000000        0x0
 .v4_bx         0x00000000        0x0 ./pobMover.o
 .v4_bx         0x00000000        0x0 C:/Program Files (x86)/POB-Technology/POBTOOLS4/sdk/pobeye2\boot.o
 .v4_bx         0x00000000        0x0 C:/Program Files (x86)/POB-Technology/POBTOOLS4/sdk/pobeye2\libpob2.a(init.o)
 .v4_bx         0x00000000        0x0 C:/Program Files (x86)/POB-Technology/POBTOOLS4/sdk/pobeye2\libpob2.a(uart0.o)
 .v4_bx         0x00000000        0x0 C:/Program Files (x86)/POB-Technology/POBTOOLS4/sdk/pobeye2\libpob2.a(i2c.o)
 .v4_bx         0x00000000        0x0 C:/Program Files (x86)/POB-Technology/POBTOOLS4/sdk/pobeye2\libpob2.a(cam_pobeye2.o)
 .v4_bx         0x00000000        0x0 C:/Program Files (x86)/POB-Technology/POBTOOLS4/sdk/pobeye2\libpob2.a(visio.o)
 .v4_bx         0x00000000        0x0 C:/Program Files (x86)/POB-Technology/POBTOOLS4/sdk/pobeye2\libpob2.a(timer.o)
 .v4_bx         0x00000000        0x0 C:/Program Files (x86)/POB-Technology/POBTOOLS4/sdk/pobeye2\libpob2.a(interrupt.o)
 .v4_bx         0x00000000        0x0 C:/Program Files (x86)/POB-Technology/POBTOOLS4/sdk/pobeye2\libpob2.a(pob-proto.o)
 .v4_bx         0x00000000        0x0 C:/Program Files (x86)/POB-Technology/POBTOOLS4/sdk/pobeye2\libpob2.a(graph.o)
 .v4_bx         0x00000000        0x0 C:/Program Files (x86)/POB-Technology/POBTOOLS4/sdk/pobeye2\libpob2.a(lcd.o)
 .v4_bx         0x00000000        0x0 C:/Program Files (x86)/POB-Technology/POBTOOLS4/sdk/pobeye2\libpob2.a(pob_printf.o)
 .v4_bx         0x00000000        0x0 C:/Program Files (x86)/POB-Technology/POBTOOLS4/sdk/pobeye2\libpob2.a(utils.o)
 .v4_bx         0x00000000        0x0 C:/Program Files (x86)/POB-Technology/POBTOOLS4/sdk/pobeye2\libpob2.a(io-bus.o)
 .v4_bx         0x00000000        0x0 c:/program files (x86)/yagarto/bin/../lib/gcc/arm-elf/4.4.1/interwork\libgcc.a(_udivsi3.o)
 .v4_bx         0x00000000        0x0 c:/program files (x86)/yagarto/bin/../lib/gcc/arm-elf/4.4.1/interwork\libgcc.a(_divsi3.o)
 .v4_bx         0x00000000        0x0 c:/program files (x86)/yagarto/bin/../lib/gcc/arm-elf/4.4.1/interwork\libgcc.a(_umodsi3.o)
 .v4_bx         0x00000000        0x0 c:/program files (x86)/yagarto/bin/../lib/gcc/arm-elf/4.4.1/interwork\libgcc.a(_dvmd_tls.o)
 .v4_bx         0x00000000        0x0 c:/program files (x86)/yagarto/bin/../lib/gcc/arm-elf/4.4.1/interwork\libgcc.a(_arm_addsubdf3.o)
 .v4_bx         0x00000000        0x0 c:/program files (x86)/yagarto/bin/../lib/gcc/arm-elf/4.4.1/interwork\libgcc.a(_arm_muldivdf3.o)
 .v4_bx         0x00000000        0x0 c:/program files (x86)/yagarto/bin/../lib/gcc/arm-elf/4.4.1/interwork\libgcc.a(_arm_truncdfsf2.o)
 .v4_bx         0x00000000        0x0 c:/program files (x86)/yagarto/bin/../lib/gcc/arm-elf/4.4.1/interwork\libgcc.a(_arm_addsubsf3.o)
 .v4_bx         0x00000000        0x0 c:/program files (x86)/yagarto/bin/../lib/gcc/arm-elf/4.4.1/interwork\libgcc.a(_arm_muldivsf3.o)
 .v4_bx         0x00000000        0x0 c:/program files (x86)/yagarto/bin/../lib/gcc/arm-elf/4.4.1/interwork\libgcc.a(_arm_fixunssfsi.o)

.eh_frame
 *(.eh_frame)
                0x00000000                __end_of_text__ = .

.data           0x40000000        0x0 load address 0x00009674
                0x40000000                __data_beg__ = .
                0x00009674                __data_beg_src__ = __end_of_text__
 *(.data)
 .data          0x40000000        0x0 ./pobMover.o
 .data          0x40000000        0x0 C:/Program Files (x86)/POB-Technology/POBTOOLS4/sdk/pobeye2\boot.o
 .data          0x40000000        0x0 C:/Program Files (x86)/POB-Technology/POBTOOLS4/sdk/pobeye2\libpob2.a(init.o)
 .data          0x40000000        0x0 C:/Program Files (x86)/POB-Technology/POBTOOLS4/sdk/pobeye2\libpob2.a(uart0.o)
 .data          0x40000000        0x0 C:/Program Files (x86)/POB-Technology/POBTOOLS4/sdk/pobeye2\libpob2.a(i2c.o)
 .data          0x40000000        0x0 C:/Program Files (x86)/POB-Technology/POBTOOLS4/sdk/pobeye2\libpob2.a(cam_pobeye2.o)
 .data          0x40000000        0x0 C:/Program Files (x86)/POB-Technology/POBTOOLS4/sdk/pobeye2\libpob2.a(visio.o)
 .data          0x40000000        0x0 C:/Program Files (x86)/POB-Technology/POBTOOLS4/sdk/pobeye2\libpob2.a(timer.o)
 .data          0x40000000        0x0 C:/Program Files (x86)/POB-Technology/POBTOOLS4/sdk/pobeye2\libpob2.a(interrupt.o)
 .data          0x40000000        0x0 C:/Program Files (x86)/POB-Technology/POBTOOLS4/sdk/pobeye2\libpob2.a(pob-proto.o)
 .data          0x40000000        0x0 C:/Program Files (x86)/POB-Technology/POBTOOLS4/sdk/pobeye2\libpob2.a(graph.o)
 .data          0x40000000        0x0 C:/Program Files (x86)/POB-Technology/POBTOOLS4/sdk/pobeye2\libpob2.a(lcd.o)
 .data          0x40000000        0x0 C:/Program Files (x86)/POB-Technology/POBTOOLS4/sdk/pobeye2\libpob2.a(pob_printf.o)
 .data          0x40000000        0x0 C:/Program Files (x86)/POB-Technology/POBTOOLS4/sdk/pobeye2\libpob2.a(utils.o)
 .data          0x40000000        0x0 C:/Program Files (x86)/POB-Technology/POBTOOLS4/sdk/pobeye2\libpob2.a(io-bus.o)
 .data          0x40000000        0x0 c:/program files (x86)/yagarto/bin/../lib/gcc/arm-elf/4.4.1/interwork\libgcc.a(_udivsi3.o)
 .data          0x40000000        0x0 c:/program files (x86)/yagarto/bin/../lib/gcc/arm-elf/4.4.1/interwork\libgcc.a(_divsi3.o)
 .data          0x40000000        0x0 c:/program files (x86)/yagarto/bin/../lib/gcc/arm-elf/4.4.1/interwork\libgcc.a(_umodsi3.o)
 .data          0x40000000        0x0 c:/program files (x86)/yagarto/bin/../lib/gcc/arm-elf/4.4.1/interwork\libgcc.a(_dvmd_tls.o)
 .data          0x40000000        0x0 c:/program files (x86)/yagarto/bin/../lib/gcc/arm-elf/4.4.1/interwork\libgcc.a(_arm_addsubdf3.o)
 .data          0x40000000        0x0 c:/program files (x86)/yagarto/bin/../lib/gcc/arm-elf/4.4.1/interwork\libgcc.a(_arm_muldivdf3.o)
 .data          0x40000000        0x0 c:/program files (x86)/yagarto/bin/../lib/gcc/arm-elf/4.4.1/interwork\libgcc.a(_arm_truncdfsf2.o)
 .data          0x40000000        0x0 c:/program files (x86)/yagarto/bin/../lib/gcc/arm-elf/4.4.1/interwork\libgcc.a(_arm_addsubsf3.o)
 .data          0x40000000        0x0 c:/program files (x86)/yagarto/bin/../lib/gcc/arm-elf/4.4.1/interwork\libgcc.a(_arm_muldivsf3.o)
 .data          0x40000000        0x0 c:/program files (x86)/yagarto/bin/../lib/gcc/arm-elf/4.4.1/interwork\libgcc.a(_arm_fixunssfsi.o)
                0x40000000                __data_end__ = .

.bss            0x40000000     0x4fb0
                0x40000000                __bss_beg__ = .
 *(.bss)
 .bss           0x40000000      0x460 ./pobMover.o
 .bss           0x40000460        0x0 C:/Program Files (x86)/POB-Technology/POBTOOLS4/sdk/pobeye2\boot.o
 .bss           0x40000460        0x0 C:/Program Files (x86)/POB-Technology/POBTOOLS4/sdk/pobeye2\libpob2.a(init.o)
 .bss           0x40000460        0x0 C:/Program Files (x86)/POB-Technology/POBTOOLS4/sdk/pobeye2\libpob2.a(uart0.o)
 .bss           0x40000460        0x0 C:/Program Files (x86)/POB-Technology/POBTOOLS4/sdk/pobeye2\libpob2.a(i2c.o)
 .bss           0x40000460     0x4b00 C:/Program Files (x86)/POB-Technology/POBTOOLS4/sdk/pobeye2\libpob2.a(cam_pobeye2.o)
 .bss           0x40004f60        0x0 C:/Program Files (x86)/POB-Technology/POBTOOLS4/sdk/pobeye2\libpob2.a(visio.o)
 .bss           0x40004f60        0x0 C:/Program Files (x86)/POB-Technology/POBTOOLS4/sdk/pobeye2\libpob2.a(timer.o)
 .bss           0x40004f60        0x0 C:/Program Files (x86)/POB-Technology/POBTOOLS4/sdk/pobeye2\libpob2.a(interrupt.o)
 .bss           0x40004f60        0x0 C:/Program Files (x86)/POB-Technology/POBTOOLS4/sdk/pobeye2\libpob2.a(pob-proto.o)
 .bss           0x40004f60        0x0 C:/Program Files (x86)/POB-Technology/POBTOOLS4/sdk/pobeye2\libpob2.a(graph.o)
 .bss           0x40004f60        0x0 C:/Program Files (x86)/POB-Technology/POBTOOLS4/sdk/pobeye2\libpob2.a(lcd.o)
 .bss           0x40004f60        0x0 C:/Program Files (x86)/POB-Technology/POBTOOLS4/sdk/pobeye2\libpob2.a(pob_printf.o)
 .bss           0x40004f60        0x0 C:/Program Files (x86)/POB-Technology/POBTOOLS4/sdk/pobeye2\libpob2.a(utils.o)
 .bss           0x40004f60        0x0 C:/Program Files (x86)/POB-Technology/POBTOOLS4/sdk/pobeye2\libpob2.a(io-bus.o)
 .bss           0x40004f60        0x0 c:/program files (x86)/yagarto/bin/../lib/gcc/arm-elf/4.4.1/interwork\libgcc.a(_udivsi3.o)
 .bss           0x40004f60        0x0 c:/program files (x86)/yagarto/bin/../lib/gcc/arm-elf/4.4.1/interwork\libgcc.a(_divsi3.o)
 .bss           0x40004f60        0x0 c:/program files (x86)/yagarto/bin/../lib/gcc/arm-elf/4.4.1/interwork\libgcc.a(_umodsi3.o)
 .bss           0x40004f60        0x0 c:/program files (x86)/yagarto/bin/../lib/gcc/arm-elf/4.4.1/interwork\libgcc.a(_dvmd_tls.o)
 .bss           0x40004f60        0x0 c:/program files (x86)/yagarto/bin/../lib/gcc/arm-elf/4.4.1/interwork\libgcc.a(_arm_addsubdf3.o)
 .bss           0x40004f60        0x0 c:/program files (x86)/yagarto/bin/../lib/gcc/arm-elf/4.4.1/interwork\libgcc.a(_arm_muldivdf3.o)
 .bss           0x40004f60        0x0 c:/program files (x86)/yagarto/bin/../lib/gcc/arm-elf/4.4.1/interwork\libgcc.a(_arm_truncdfsf2.o)
 .bss           0x40004f60        0x0 c:/program files (x86)/yagarto/bin/../lib/gcc/arm-elf/4.4.1/interwork\libgcc.a(_arm_addsubsf3.o)
 .bss           0x40004f60        0x0 c:/program files (x86)/yagarto/bin/../lib/gcc/arm-elf/4.4.1/interwork\libgcc.a(_arm_muldivsf3.o)
 .bss           0x40004f60        0x0 c:/program files (x86)/yagarto/bin/../lib/gcc/arm-elf/4.4.1/interwork\libgcc.a(_arm_fixunssfsi.o)
 COMMON         0x40004f60       0x48 C:/Program Files (x86)/POB-Technology/POBTOOLS4/sdk/pobeye2\libpob2.a(uart0.o)
                0x40004f60                uart0UserRead
                0x40004f64                uart0IntrBuffer
                0x40004fa4                uart0IntrWrite
 COMMON         0x40004fa8        0x8 C:/Program Files (x86)/POB-Technology/POBTOOLS4/sdk/pobeye2\libpob2.a(timer.o)
                0x40004fa8                Timer0Flag
                0x40004fac                Timer0UserProcess

.stack          0x40005000     0x2000
                0x40007000                . = (. + 0x2000)
 *fill*         0x40005000     0x2000 00
                0x40007000                __stack_end__ = .
                0x40007000                . = ALIGN (0x4)
                0x40007000                . = ALIGN (0x4)
                0x40007000                _end = .
                0x40007000                _bss_end__ = .
                0x40007000                __bss_end__ = .
                0x40007000                __end__ = .
                0x40007000                PROVIDE (end, .)
OUTPUT(./embeddedsystems.elf elf32-littlearm)

.comment        0x00000000       0xfc
 .comment       0x00000000       0x12 ./pobMover.o
 .comment       0x00000012       0x12 C:/Program Files (x86)/POB-Technology/POBTOOLS4/sdk/pobeye2\libpob2.a(init.o)
 .comment       0x00000024       0x12 C:/Program Files (x86)/POB-Technology/POBTOOLS4/sdk/pobeye2\libpob2.a(uart0.o)
 .comment       0x00000036       0x12 C:/Program Files (x86)/POB-Technology/POBTOOLS4/sdk/pobeye2\libpob2.a(i2c.o)
 .comment       0x00000048       0x12 C:/Program Files (x86)/POB-Technology/POBTOOLS4/sdk/pobeye2\libpob2.a(cam_pobeye2.o)
 .comment       0x0000005a       0x12 C:/Program Files (x86)/POB-Technology/POBTOOLS4/sdk/pobeye2\libpob2.a(visio.o)
 .comment       0x0000006c       0x12 C:/Program Files (x86)/POB-Technology/POBTOOLS4/sdk/pobeye2\libpob2.a(timer.o)
 .comment       0x0000007e       0x12 C:/Program Files (x86)/POB-Technology/POBTOOLS4/sdk/pobeye2\libpob2.a(interrupt.o)
 .comment       0x00000090       0x12 C:/Program Files (x86)/POB-Technology/POBTOOLS4/sdk/pobeye2\libpob2.a(pob-proto.o)
 .comment       0x000000a2       0x12 C:/Program Files (x86)/POB-Technology/POBTOOLS4/sdk/pobeye2\libpob2.a(graph.o)
 .comment       0x000000b4       0x12 C:/Program Files (x86)/POB-Technology/POBTOOLS4/sdk/pobeye2\libpob2.a(lcd.o)
 .comment       0x000000c6       0x12 C:/Program Files (x86)/POB-Technology/POBTOOLS4/sdk/pobeye2\libpob2.a(pob_printf.o)
 .comment       0x000000d8       0x12 C:/Program Files (x86)/POB-Technology/POBTOOLS4/sdk/pobeye2\libpob2.a(utils.o)
 .comment       0x000000ea       0x12 C:/Program Files (x86)/POB-Technology/POBTOOLS4/sdk/pobeye2\libpob2.a(io-bus.o)

.ARM.attributes
                0x00000000       0x10
 .ARM.attributes
                0x00000000       0x10 ./pobMover.o
 .ARM.attributes
                0x00000010       0x10 C:/Program Files (x86)/POB-Technology/POBTOOLS4/sdk/pobeye2\boot.o
 .ARM.attributes
                0x00000020       0x10 C:/Program Files (x86)/POB-Technology/POBTOOLS4/sdk/pobeye2\libpob2.a(init.o)
 .ARM.attributes
                0x00000030       0x10 C:/Program Files (x86)/POB-Technology/POBTOOLS4/sdk/pobeye2\libpob2.a(uart0.o)
 .ARM.attributes
                0x00000040       0x10 C:/Program Files (x86)/POB-Technology/POBTOOLS4/sdk/pobeye2\libpob2.a(i2c.o)
 .ARM.attributes
                0x00000050       0x10 C:/Program Files (x86)/POB-Technology/POBTOOLS4/sdk/pobeye2\libpob2.a(cam_pobeye2.o)
 .ARM.attributes
                0x00000060       0x10 C:/Program Files (x86)/POB-Technology/POBTOOLS4/sdk/pobeye2\libpob2.a(visio.o)
 .ARM.attributes
                0x00000070       0x10 C:/Program Files (x86)/POB-Technology/POBTOOLS4/sdk/pobeye2\libpob2.a(timer.o)
 .ARM.attributes
                0x00000080       0x10 C:/Program Files (x86)/POB-Technology/POBTOOLS4/sdk/pobeye2\libpob2.a(interrupt.o)
 .ARM.attributes
                0x00000090       0x10 C:/Program Files (x86)/POB-Technology/POBTOOLS4/sdk/pobeye2\libpob2.a(pob-proto.o)
 .ARM.attributes
                0x000000a0       0x10 C:/Program Files (x86)/POB-Technology/POBTOOLS4/sdk/pobeye2\libpob2.a(graph.o)
 .ARM.attributes
                0x000000b0       0x10 C:/Program Files (x86)/POB-Technology/POBTOOLS4/sdk/pobeye2\libpob2.a(lcd.o)
 .ARM.attributes
                0x000000c0       0x10 C:/Program Files (x86)/POB-Technology/POBTOOLS4/sdk/pobeye2\libpob2.a(pob_printf.o)
 .ARM.attributes
                0x000000d0       0x10 C:/Program Files (x86)/POB-Technology/POBTOOLS4/sdk/pobeye2\libpob2.a(utils.o)
 .ARM.attributes
                0x000000e0       0x10 C:/Program Files (x86)/POB-Technology/POBTOOLS4/sdk/pobeye2\libpob2.a(io-bus.o)
 .ARM.attributes
                0x000000f0       0x10 c:/program files (x86)/yagarto/bin/../lib/gcc/arm-elf/4.4.1/interwork\libgcc.a(_udivsi3.o)
 .ARM.attributes
                0x00000100       0x10 c:/program files (x86)/yagarto/bin/../lib/gcc/arm-elf/4.4.1/interwork\libgcc.a(_divsi3.o)
 .ARM.attributes
                0x00000110       0x10 c:/program files (x86)/yagarto/bin/../lib/gcc/arm-elf/4.4.1/interwork\libgcc.a(_umodsi3.o)
 .ARM.attributes
                0x00000120       0x10 c:/program files (x86)/yagarto/bin/../lib/gcc/arm-elf/4.4.1/interwork\libgcc.a(_dvmd_tls.o)
 .ARM.attributes
                0x00000130       0x10 c:/program files (x86)/yagarto/bin/../lib/gcc/arm-elf/4.4.1/interwork\libgcc.a(_arm_addsubdf3.o)
 .ARM.attributes
                0x00000140       0x10 c:/program files (x86)/yagarto/bin/../lib/gcc/arm-elf/4.4.1/interwork\libgcc.a(_arm_muldivdf3.o)
 .ARM.attributes
                0x00000150       0x10 c:/program files (x86)/yagarto/bin/../lib/gcc/arm-elf/4.4.1/interwork\libgcc.a(_arm_truncdfsf2.o)
 .ARM.attributes
                0x00000160       0x10 c:/program files (x86)/yagarto/bin/../lib/gcc/arm-elf/4.4.1/interwork\libgcc.a(_arm_addsubsf3.o)
 .ARM.attributes
                0x00000170       0x10 c:/program files (x86)/yagarto/bin/../lib/gcc/arm-elf/4.4.1/interwork\libgcc.a(_arm_muldivsf3.o)
 .ARM.attributes
                0x00000180       0x10 c:/program files (x86)/yagarto/bin/../lib/gcc/arm-elf/4.4.1/interwork\libgcc.a(_arm_fixunssfsi.o)

.debug_frame

.debug_line

.debug_info

.debug_abbrev

.debug_aranges
