Archive member included because of file (symbol)

C:/Program Files/POB-Technology/POBTOOLS4/sdk/pobeye2\libpob2.a(init.o)
                              ./main.o (InitPobeye2)
C:/Program Files/POB-Technology/POBTOOLS4/sdk/pobeye2\libpob2.a(uart0.o)
                              ./main.o (InitUART0)
C:/Program Files/POB-Technology/POBTOOLS4/sdk/pobeye2\libpob2.a(utils.o)
                              ./main.o (Bin2Dec)
C:/Program Files/POB-Technology/POBTOOLS4/sdk/pobeye2\libpob2.a(i2c.o)
                              ./main.o (InitI2C)
C:/Program Files/POB-Technology/POBTOOLS4/sdk/pobeye2\libpob2.a(cam_pobeye2.o)
                              ./main.o (GetRGBFrame)
C:/Program Files/POB-Technology/POBTOOLS4/sdk/pobeye2\libpob2.a(visio.o)
                              ./main.o (BinaryRGBFrame)
C:/Program Files/POB-Technology/POBTOOLS4/sdk/pobeye2\libpob2.a(interrupt.o)
                              C:/Program Files/POB-Technology/POBTOOLS4/sdk/pobeye2\libpob2.a(uart0.o) (enableIRQ)
C:/Program Files/POB-Technology/POBTOOLS4/sdk/pobeye2\libpob2.a(pob-proto.o)
                              ./main.o (SetServoMotor)
C:/Program Files/POB-Technology/POBTOOLS4/sdk/pobeye2\libpob2.a(graph.o)
                              ./main.o (InitGraphicBuffer)
C:/Program Files/POB-Technology/POBTOOLS4/sdk/pobeye2\libpob2.a(lcd.o)
                              ./main.o (DrawLCD)
C:/Program Files/POB-Technology/POBTOOLS4/sdk/pobeye2\libpob2.a(io-bus.o)
                              C:/Program Files/POB-Technology/POBTOOLS4/sdk/pobeye2\libpob2.a(lcd.o) (SetIOWay)
C:/Program Files/POB-Technology/POBTOOLS4/sdk/pobeye2\libpob2.a(timer.o)
                              C:/Program Files/POB-Technology/POBTOOLS4/sdk/pobeye2\libpob2.a(io-bus.o) (WaitUs)
c:/yagarto/bin/../lib/gcc/arm-elf/4.4.1/interwork\libgcc.a(_udivsi3.o)
                              C:/Program Files/POB-Technology/POBTOOLS4/sdk/pobeye2\libpob2.a(utils.o) (__udivsi3)
c:/yagarto/bin/../lib/gcc/arm-elf/4.4.1/interwork\libgcc.a(_divsi3.o)
                              C:/Program Files/POB-Technology/POBTOOLS4/sdk/pobeye2\libpob2.a(visio.o) (__divsi3)
c:/yagarto/bin/../lib/gcc/arm-elf/4.4.1/interwork\libgcc.a(_dvmd_tls.o)
                              c:/yagarto/bin/../lib/gcc/arm-elf/4.4.1/interwork\libgcc.a(_udivsi3.o) (__div0)
c:/yagarto/bin/../lib/gcc/arm-elf/4.4.1/interwork\libgcc.a(_arm_addsubdf3.o)
                              C:/Program Files/POB-Technology/POBTOOLS4/sdk/pobeye2\libpob2.a(visio.o) (__floatsidf)
c:/yagarto/bin/../lib/gcc/arm-elf/4.4.1/interwork\libgcc.a(_arm_muldivdf3.o)
                              C:/Program Files/POB-Technology/POBTOOLS4/sdk/pobeye2\libpob2.a(visio.o) (__muldf3)
c:/yagarto/bin/../lib/gcc/arm-elf/4.4.1/interwork\libgcc.a(_arm_truncdfsf2.o)
                              C:/Program Files/POB-Technology/POBTOOLS4/sdk/pobeye2\libpob2.a(visio.o) (__truncdfsf2)
c:/yagarto/bin/../lib/gcc/arm-elf/4.4.1/interwork\libgcc.a(_arm_addsubsf3.o)
                              C:/Program Files/POB-Technology/POBTOOLS4/sdk/pobeye2\libpob2.a(visio.o) (__addsf3)
c:/yagarto/bin/../lib/gcc/arm-elf/4.4.1/interwork\libgcc.a(_arm_muldivsf3.o)
                              C:/Program Files/POB-Technology/POBTOOLS4/sdk/pobeye2\libpob2.a(visio.o) (__divsf3)
c:/yagarto/bin/../lib/gcc/arm-elf/4.4.1/interwork\libgcc.a(_arm_fixunssfsi.o)
                              C:/Program Files/POB-Technology/POBTOOLS4/sdk/pobeye2\libpob2.a(visio.o) (__fixunssfsi)

Allocating common symbols
Common symbol       size              file

uart0UserRead       0x4               C:/Program Files/POB-Technology/POBTOOLS4/sdk/pobeye2\libpob2.a(uart0.o)
Timer0Flag          0x1               C:/Program Files/POB-Technology/POBTOOLS4/sdk/pobeye2\libpob2.a(timer.o)
Timer0UserProcess   0x4               C:/Program Files/POB-Technology/POBTOOLS4/sdk/pobeye2\libpob2.a(timer.o)
uart0IntrBuffer     0x40              C:/Program Files/POB-Technology/POBTOOLS4/sdk/pobeye2\libpob2.a(uart0.o)
uart0IntrWrite      0x4               C:/Program Files/POB-Technology/POBTOOLS4/sdk/pobeye2\libpob2.a(uart0.o)

Discarded input sections

 .debug_frame   0x00000000        0x0 c:/yagarto/bin/../lib/gcc/arm-elf/4.4.1/interwork\libgcc.a(_udivsi3.o)
 .debug_line    0x00000000        0x0 c:/yagarto/bin/../lib/gcc/arm-elf/4.4.1/interwork\libgcc.a(_udivsi3.o)
 .debug_info    0x00000000        0x0 c:/yagarto/bin/../lib/gcc/arm-elf/4.4.1/interwork\libgcc.a(_udivsi3.o)
 .debug_abbrev  0x00000000        0x0 c:/yagarto/bin/../lib/gcc/arm-elf/4.4.1/interwork\libgcc.a(_udivsi3.o)
 .debug_aranges
                0x00000000        0x0 c:/yagarto/bin/../lib/gcc/arm-elf/4.4.1/interwork\libgcc.a(_udivsi3.o)
 .debug_frame   0x00000000        0x0 c:/yagarto/bin/../lib/gcc/arm-elf/4.4.1/interwork\libgcc.a(_divsi3.o)
 .debug_line    0x00000000        0x0 c:/yagarto/bin/../lib/gcc/arm-elf/4.4.1/interwork\libgcc.a(_divsi3.o)
 .debug_info    0x00000000        0x0 c:/yagarto/bin/../lib/gcc/arm-elf/4.4.1/interwork\libgcc.a(_divsi3.o)
 .debug_abbrev  0x00000000        0x0 c:/yagarto/bin/../lib/gcc/arm-elf/4.4.1/interwork\libgcc.a(_divsi3.o)
 .debug_aranges
                0x00000000        0x0 c:/yagarto/bin/../lib/gcc/arm-elf/4.4.1/interwork\libgcc.a(_divsi3.o)
 .debug_line    0x00000000        0x0 c:/yagarto/bin/../lib/gcc/arm-elf/4.4.1/interwork\libgcc.a(_dvmd_tls.o)
 .debug_info    0x00000000        0x0 c:/yagarto/bin/../lib/gcc/arm-elf/4.4.1/interwork\libgcc.a(_dvmd_tls.o)
 .debug_abbrev  0x00000000        0x0 c:/yagarto/bin/../lib/gcc/arm-elf/4.4.1/interwork\libgcc.a(_dvmd_tls.o)
 .debug_aranges
                0x00000000        0x0 c:/yagarto/bin/../lib/gcc/arm-elf/4.4.1/interwork\libgcc.a(_dvmd_tls.o)
 .debug_line    0x00000000        0x0 c:/yagarto/bin/../lib/gcc/arm-elf/4.4.1/interwork\libgcc.a(_arm_addsubdf3.o)
 .debug_info    0x00000000        0x0 c:/yagarto/bin/../lib/gcc/arm-elf/4.4.1/interwork\libgcc.a(_arm_addsubdf3.o)
 .debug_abbrev  0x00000000        0x0 c:/yagarto/bin/../lib/gcc/arm-elf/4.4.1/interwork\libgcc.a(_arm_addsubdf3.o)
 .debug_aranges
                0x00000000        0x0 c:/yagarto/bin/../lib/gcc/arm-elf/4.4.1/interwork\libgcc.a(_arm_addsubdf3.o)
 .debug_line    0x00000000        0x0 c:/yagarto/bin/../lib/gcc/arm-elf/4.4.1/interwork\libgcc.a(_arm_muldivdf3.o)
 .debug_info    0x00000000        0x0 c:/yagarto/bin/../lib/gcc/arm-elf/4.4.1/interwork\libgcc.a(_arm_muldivdf3.o)
 .debug_abbrev  0x00000000        0x0 c:/yagarto/bin/../lib/gcc/arm-elf/4.4.1/interwork\libgcc.a(_arm_muldivdf3.o)
 .debug_aranges
                0x00000000        0x0 c:/yagarto/bin/../lib/gcc/arm-elf/4.4.1/interwork\libgcc.a(_arm_muldivdf3.o)
 .debug_line    0x00000000        0x0 c:/yagarto/bin/../lib/gcc/arm-elf/4.4.1/interwork\libgcc.a(_arm_truncdfsf2.o)
 .debug_info    0x00000000        0x0 c:/yagarto/bin/../lib/gcc/arm-elf/4.4.1/interwork\libgcc.a(_arm_truncdfsf2.o)
 .debug_abbrev  0x00000000        0x0 c:/yagarto/bin/../lib/gcc/arm-elf/4.4.1/interwork\libgcc.a(_arm_truncdfsf2.o)
 .debug_aranges
                0x00000000        0x0 c:/yagarto/bin/../lib/gcc/arm-elf/4.4.1/interwork\libgcc.a(_arm_truncdfsf2.o)
 .debug_line    0x00000000        0x0 c:/yagarto/bin/../lib/gcc/arm-elf/4.4.1/interwork\libgcc.a(_arm_addsubsf3.o)
 .debug_info    0x00000000        0x0 c:/yagarto/bin/../lib/gcc/arm-elf/4.4.1/interwork\libgcc.a(_arm_addsubsf3.o)
 .debug_abbrev  0x00000000        0x0 c:/yagarto/bin/../lib/gcc/arm-elf/4.4.1/interwork\libgcc.a(_arm_addsubsf3.o)
 .debug_aranges
                0x00000000        0x0 c:/yagarto/bin/../lib/gcc/arm-elf/4.4.1/interwork\libgcc.a(_arm_addsubsf3.o)
 .debug_line    0x00000000        0x0 c:/yagarto/bin/../lib/gcc/arm-elf/4.4.1/interwork\libgcc.a(_arm_muldivsf3.o)
 .debug_info    0x00000000        0x0 c:/yagarto/bin/../lib/gcc/arm-elf/4.4.1/interwork\libgcc.a(_arm_muldivsf3.o)
 .debug_abbrev  0x00000000        0x0 c:/yagarto/bin/../lib/gcc/arm-elf/4.4.1/interwork\libgcc.a(_arm_muldivsf3.o)
 .debug_aranges
                0x00000000        0x0 c:/yagarto/bin/../lib/gcc/arm-elf/4.4.1/interwork\libgcc.a(_arm_muldivsf3.o)
 .debug_line    0x00000000        0x0 c:/yagarto/bin/../lib/gcc/arm-elf/4.4.1/interwork\libgcc.a(_arm_fixunssfsi.o)
 .debug_info    0x00000000        0x0 c:/yagarto/bin/../lib/gcc/arm-elf/4.4.1/interwork\libgcc.a(_arm_fixunssfsi.o)
 .debug_abbrev  0x00000000        0x0 c:/yagarto/bin/../lib/gcc/arm-elf/4.4.1/interwork\libgcc.a(_arm_fixunssfsi.o)
 .debug_aranges
                0x00000000        0x0 c:/yagarto/bin/../lib/gcc/arm-elf/4.4.1/interwork\libgcc.a(_arm_fixunssfsi.o)

Memory Configuration

Name             Origin             Length             Attributes
flash            0x00000000         0x0001e000
ram              0x40000000         0x0000ffe0
*default*        0x00000000         0xffffffff

Linker script and memory map

LOAD ./main.o
LOAD ./menu.o
LOAD ./pad.o
LOAD c:/yagarto/bin/../lib/gcc/arm-elf/4.4.1/../../../../arm-elf/lib/interwork\libc.a
LOAD c:/yagarto/bin/../lib/gcc/arm-elf/4.4.1/../../../../arm-elf/lib/interwork\libm.a
LOAD c:/yagarto/bin/../lib/gcc/arm-elf/4.4.1/interwork\libgcc.a
LOAD C:/Program Files/POB-Technology/POBTOOLS4/sdk/pobeye2\boot.o
LOAD C:/Program Files/POB-Technology/POBTOOLS4/sdk/pobeye2\libpob2.a
START GROUP
LOAD c:/yagarto/bin/../lib/gcc/arm-elf/4.4.1/interwork\libgcc.a
LOAD c:/yagarto/bin/../lib/gcc/arm-elf/4.4.1/../../../../arm-elf/lib/interwork\libc.a
END GROUP
                0x00000000                . = 0x0

startup         0x00000000       0x48
 *(.startup)
 .startup       0x00000000       0x48 C:/Program Files/POB-Technology/POBTOOLS4/sdk/pobeye2\boot.o

prog            0x00000048     0x7a74
 *(.text)
 .text          0x00000048      0xf40 ./main.o
                0x00000048                MoveBot
                0x0000005c                InitPobProto
                0x0000010c                DrawVision
                0x00000090                IntroPOB
                0x00000130                main
 .text          0x00000f88      0x154 ./menu.o
                0x00000f88                IsCursorOnIcon
                0x0000101c                DrawMenu
 .text          0x000010dc       0xcc ./pad.o
                0x000010dc                GetButton
                0x000010fc                GetPad
 .text          0x000011a8       0xb8 C:/Program Files/POB-Technology/POBTOOLS4/sdk/pobeye2\boot.o
                0x000011a8                start
                0x00001244                endless_loop
 .text          0x00001260      0x110 C:/Program Files/POB-Technology/POBTOOLS4/sdk/pobeye2\libpob2.a(init.o)
                0x00001360                intr_swi
                0x0000127c                InitPobeye2
                0x0000135c                intr_undefined
                0x0000136c                intr_fiq
                0x00001368                intr_dabort
                0x00001364                intr_pabort
 .text          0x00001370      0x568 C:/Program Files/POB-Technology/POBTOOLS4/sdk/pobeye2\libpob2.a(uart0.o)
                0x000016dc                InitUART0
                0x00001454                SetUART0Configuration
                0x00001874                InitUART0Intr
                0x00001754                FlushUART0
                0x0000178c                SendByteToUART0
                0x00001370                Uart0IrqHandler
                0x0000176c                IsUART0Empty
                0x000017ec                GetByteFromUART0
                0x0000183c                GetBufferFromUART0
                0x00001810                GetByteFromUART0NoWait
                0x000017b4                SendBufferToUART0
                0x000013f4                GetByteFromUART0Intr
 .text          0x000018d8      0x1ec C:/Program Files/POB-Technology/POBTOOLS4/sdk/pobeye2\libpob2.a(utils.o)
                0x00001a74                WaitMs
                0x000018d8                SetLed
                0x000019f8                Wait_4Us
                0x00001908                Bin2Dec
                0x000018f0                ClearLed
                0x00001a5c                Wait_100Us
                0x00001a8c                SendString
                0x000019c8                Bin2Hex
 .text          0x00001ac4      0x29c C:/Program Files/POB-Technology/POBTOOLS4/sdk/pobeye2\libpob2.a(i2c.o)
                0x00001ca4                WriteOnI2C
                0x00001ac4                InitI2C
                0x00001bfc                ReadOnI2C
                0x00001ce0                WriteBufferOnI2C
                0x00001d34                StopI2C
                0x00001c3c                ReadOnI2CWithAck
                0x00001b28                SendSlaveAddress
 .text          0x00001d60      0x5b8 C:/Program Files/POB-Technology/POBTOOLS4/sdk/pobeye2\libpob2.a(cam_pobeye2.o)
                0x00002010                SetCameraParameter
                0x00001ef0                GrabRGBFrame
                0x00001d6c                InitCameraPobeye2ForCubot
                0x00002040                QvgaRaw
                0x00002298                InitCameraPobeye2
                0x00001d60                GetRGBFrame
                0x00001dd8                GrabFullRGBFrame
 .text          0x00002318     0x1288 C:/Program Files/POB-Technology/POBTOOLS4/sdk/pobeye2\libpob2.a(visio.o)
                0x000023d8                GetHSLFrame
                0x00002318                BinaryRGBFrame
                0x00003010                TestPattern
                0x00002840                CutForm
                0x0000340c                IdentifyForm
                0x0000270c                Square
                0x00002524                GetHSVFrame
                0x00002da4                FindFormWithCadrige
                0x000026c4                GrayAPixel
                0x00002e50                DrawVec
                0x00002658                GrayRGBFrame
 .text          0x000035a0       0x3c C:/Program Files/POB-Technology/POBTOOLS4/sdk/pobeye2\libpob2.a(interrupt.o)
                0x000035c0                restoreIRQ
                0x000035a0                enableIRQ
                0x000035b0                disableIRQ
 .text          0x000035dc      0x91c C:/Program Files/POB-Technology/POBTOOLS4/sdk/pobeye2\libpob2.a(pob-proto.o)
                0x00003e60                GetPinPortA
                0x00003a40                GetPinPortC
                0x00003830                SetPortD
                0x00003e48                SetPinPortA
                0x000035dc                SendToSapien
                0x00003858                SetPortA
                0x00003e30                ClearPinPortA
                0x0000374c                SetServoMotorFull
                0x00003880                SetPortDAsServo
                0x00003be8                ClearPinPortD
                0x00003d5c                GetPortA
                0x00003808                SetPortC
                0x00003c18                GetPinPortD
                0x00003650                SwitchOffOneServoFull
                0x000037b0                SetServoMotor
                0x00003a28                SetPinPortC
                0x00003734                SwitchOffAllServo
                0x000036dc                SwitchOffOneServo
                0x00003c00                SetPinPortD
                0x00003604                SwitchOnOneServoFull
                0x00003a10                ClearPinPortC
                0x00003898                SetPobProto
                0x00003930                GetPortC
                0x00003900                SendEcho
                0x00003cd8                GetPortAnalog
                0x0000369c                SwitchOnOneServo
                0x00003ae0                GetPortD
                0x0000371c                SwitchOnAllServo
 .text          0x00003ef8      0x8b8 C:/Program Files/POB-Technology/POBTOOLS4/sdk/pobeye2\libpob2.a(graph.o)
                0x00003ef8                InitGraphicBuffer
                0x00004330                DrawBitmap
                0x00003f58                PlotAPoint
                0x00003f10                ClearGraphicBuffer
                0x00004058                DrawLine
                0x00004214                GetBitmapWidth
                0x000042a4                GetBitmapHeight
                0x00003fc8                DrawComponentInABufferVideo
 .text          0x000047b0      0x814 C:/Program Files/POB-Technology/POBTOOLS4/sdk/pobeye2\libpob2.a(lcd.o)
                0x0000481c                SetPageXYZ
                0x00004854                SetLCDIO
                0x000047b0                SetData
                0x000047f0                TicTac
                0x00004878                DrawLCD
                0x00004f88                InitLCD
                0x00004c40                DrawRightLCD
                0x00004de8                DrawLeftLCD
 .text          0x00004fc4      0x214 C:/Program Files/POB-Technology/POBTOOLS4/sdk/pobeye2\libpob2.a(io-bus.o)
                0x00005070                ClrOutput
                0x000050bc                ReadByte
                0x00005010                GetInput
                0x00005040                SetOutput
                0x0000514c                WriteByte
                0x00004fc4                SetIOWay
                0x000050a0                ClrAndSetOuput
 .text          0x000051d8      0x1d8 C:/Program Files/POB-Technology/POBTOOLS4/sdk/pobeye2\libpob2.a(timer.o)
                0x000051d8                WaitUs
                0x0000522c                StartClock
                0x00005318                Timer0AttachFunction
                0x000052e0                StopTimer0
                0x00005294                Timer0IrqHandler
                0x00005328                Timer0DetachFunction
                0x0000533c                InitTimer0
                0x00005270                GetClock
                0x000052f0                IsTimer0Overflow
                0x00005280                StopClock
 .text          0x000053b0      0x114 c:/yagarto/bin/../lib/gcc/arm-elf/4.4.1/interwork\libgcc.a(_udivsi3.o)
                0x000053b0                __udivsi3
                0x000053b0                __aeabi_uidiv
                0x000054ac                __aeabi_uidivmod
 .text          0x000054c4      0x144 c:/yagarto/bin/../lib/gcc/arm-elf/4.4.1/interwork\libgcc.a(_divsi3.o)
                0x000054c4                __aeabi_idiv
                0x000054c4                __divsi3
                0x000055f0                __aeabi_idivmod
 .text          0x00005608        0x4 c:/yagarto/bin/../lib/gcc/arm-elf/4.4.1/interwork\libgcc.a(_dvmd_tls.o)
                0x00005608                __aeabi_ldiv0
                0x00005608                __div0
                0x00005608                __aeabi_idiv0
 .text          0x0000560c      0x430 c:/yagarto/bin/../lib/gcc/arm-elf/4.4.1/interwork\libgcc.a(_arm_addsubdf3.o)
                0x000059d0                __floatdidf
                0x00005950                __floatsidf
                0x00005928                __aeabi_ui2d
                0x0000560c                __aeabi_drsub
                0x0000597c                __extendsfdf2
                0x00005618                __adddf3
                0x00005928                __floatunsidf
                0x00005618                __aeabi_dadd
                0x000059bc                __aeabi_ul2d
                0x00005614                __aeabi_dsub
                0x000059bc                __floatundidf
                0x00005950                __aeabi_i2d
                0x000059d0                __aeabi_l2d
                0x0000597c                __aeabi_f2d
                0x00005614                __subdf3
 .text          0x00005a3c      0x49c c:/yagarto/bin/../lib/gcc/arm-elf/4.4.1/interwork\libgcc.a(_arm_muldivdf3.o)
                0x00005ccc                __aeabi_ddiv
                0x00005a3c                __aeabi_dmul
                0x00005ccc                __divdf3
                0x00005a3c                __muldf3
 .text          0x00005ed8       0xa0 c:/yagarto/bin/../lib/gcc/arm-elf/4.4.1/interwork\libgcc.a(_arm_truncdfsf2.o)
                0x00005ed8                __aeabi_d2f
                0x00005ed8                __truncdfsf2
 .text          0x00005f78      0x2ac c:/yagarto/bin/../lib/gcc/arm-elf/4.4.1/interwork\libgcc.a(_arm_addsubsf3.o)
                0x00005f84                __aeabi_fadd
                0x00005f80                __subsf3
                0x00006148                __aeabi_i2f
                0x00005f80                __aeabi_fsub
                0x00006178                __floatdisf
                0x00006148                __floatsisf
                0x00006168                __floatundisf
                0x00006140                __aeabi_ui2f
                0x00006178                __aeabi_l2f
                0x00006168                __aeabi_ul2f
                0x00005f78                __aeabi_frsub
                0x00006140                __floatunsisf
                0x00005f84                __addsf3
 .text          0x00006224      0x2f8 c:/yagarto/bin/../lib/gcc/arm-elf/4.4.1/interwork\libgcc.a(_arm_muldivsf3.o)
                0x000063bc                __divsf3
                0x000063bc                __aeabi_fdiv
                0x00006224                __mulsf3
                0x00006224                __aeabi_fmul
 .text          0x0000651c       0x54 c:/yagarto/bin/../lib/gcc/arm-elf/4.4.1/interwork\libgcc.a(_arm_fixunssfsi.o)
                0x0000651c                __aeabi_f2uiz
                0x0000651c                __fixunssfsi
 *(.rodata)
 .rodata        0x00006570     0x1540 ./main.o
                0x00006ac4                bitmap
                0x00006570                intro
                0x000078d4                pattern
 .rodata        0x00007ab0        0x8 C:/Program Files/POB-Technology/POBTOOLS4/sdk/pobeye2\libpob2.a(i2c.o)
 *(.rodata*)
 .rodata.str1.4
                0x00007ab8        0x4 ./main.o
 *(.glue_7)
 .glue_7        0x00007abc        0x0 ./main.o
 .glue_7        0x00007abc        0x0 ./menu.o
 .glue_7        0x00007abc        0x0 ./pad.o
 .glue_7        0x00007abc        0x0 C:/Program Files/POB-Technology/POBTOOLS4/sdk/pobeye2\boot.o
 .glue_7        0x00007abc        0x0 C:/Program Files/POB-Technology/POBTOOLS4/sdk/pobeye2\libpob2.a(init.o)
 .glue_7        0x00007abc        0x0 C:/Program Files/POB-Technology/POBTOOLS4/sdk/pobeye2\libpob2.a(uart0.o)
 .glue_7        0x00007abc        0x0 C:/Program Files/POB-Technology/POBTOOLS4/sdk/pobeye2\libpob2.a(utils.o)
 .glue_7        0x00007abc        0x0 C:/Program Files/POB-Technology/POBTOOLS4/sdk/pobeye2\libpob2.a(i2c.o)
 .glue_7        0x00007abc        0x0 C:/Program Files/POB-Technology/POBTOOLS4/sdk/pobeye2\libpob2.a(cam_pobeye2.o)
 .glue_7        0x00007abc        0x0 C:/Program Files/POB-Technology/POBTOOLS4/sdk/pobeye2\libpob2.a(visio.o)
 .glue_7        0x00007abc        0x0 C:/Program Files/POB-Technology/POBTOOLS4/sdk/pobeye2\libpob2.a(interrupt.o)
 .glue_7        0x00007abc        0x0 C:/Program Files/POB-Technology/POBTOOLS4/sdk/pobeye2\libpob2.a(pob-proto.o)
 .glue_7        0x00007abc        0x0 C:/Program Files/POB-Technology/POBTOOLS4/sdk/pobeye2\libpob2.a(graph.o)
 .glue_7        0x00007abc        0x0 C:/Program Files/POB-Technology/POBTOOLS4/sdk/pobeye2\libpob2.a(lcd.o)
 .glue_7        0x00007abc        0x0 C:/Program Files/POB-Technology/POBTOOLS4/sdk/pobeye2\libpob2.a(io-bus.o)
 .glue_7        0x00007abc        0x0 C:/Program Files/POB-Technology/POBTOOLS4/sdk/pobeye2\libpob2.a(timer.o)
 .glue_7        0x00007abc        0x0 c:/yagarto/bin/../lib/gcc/arm-elf/4.4.1/interwork\libgcc.a(_udivsi3.o)
 .glue_7        0x00007abc        0x0 c:/yagarto/bin/../lib/gcc/arm-elf/4.4.1/interwork\libgcc.a(_divsi3.o)
 .glue_7        0x00007abc        0x0 c:/yagarto/bin/../lib/gcc/arm-elf/4.4.1/interwork\libgcc.a(_dvmd_tls.o)
 .glue_7        0x00007abc        0x0 c:/yagarto/bin/../lib/gcc/arm-elf/4.4.1/interwork\libgcc.a(_arm_addsubdf3.o)
 .glue_7        0x00007abc        0x0 c:/yagarto/bin/../lib/gcc/arm-elf/4.4.1/interwork\libgcc.a(_arm_muldivdf3.o)
 .glue_7        0x00007abc        0x0 c:/yagarto/bin/../lib/gcc/arm-elf/4.4.1/interwork\libgcc.a(_arm_truncdfsf2.o)
 .glue_7        0x00007abc        0x0 c:/yagarto/bin/../lib/gcc/arm-elf/4.4.1/interwork\libgcc.a(_arm_addsubsf3.o)
 .glue_7        0x00007abc        0x0 c:/yagarto/bin/../lib/gcc/arm-elf/4.4.1/interwork\libgcc.a(_arm_muldivsf3.o)
 .glue_7        0x00007abc        0x0 c:/yagarto/bin/../lib/gcc/arm-elf/4.4.1/interwork\libgcc.a(_arm_fixunssfsi.o)
 *(.glue_7t)
 .glue_7t       0x00007abc        0x0 ./main.o
 .glue_7t       0x00007abc        0x0 ./menu.o
 .glue_7t       0x00007abc        0x0 ./pad.o
 .glue_7t       0x00007abc        0x0 C:/Program Files/POB-Technology/POBTOOLS4/sdk/pobeye2\boot.o
 .glue_7t       0x00007abc        0x0 C:/Program Files/POB-Technology/POBTOOLS4/sdk/pobeye2\libpob2.a(init.o)
 .glue_7t       0x00007abc        0x0 C:/Program Files/POB-Technology/POBTOOLS4/sdk/pobeye2\libpob2.a(uart0.o)
 .glue_7t       0x00007abc        0x0 C:/Program Files/POB-Technology/POBTOOLS4/sdk/pobeye2\libpob2.a(utils.o)
 .glue_7t       0x00007abc        0x0 C:/Program Files/POB-Technology/POBTOOLS4/sdk/pobeye2\libpob2.a(i2c.o)
 .glue_7t       0x00007abc        0x0 C:/Program Files/POB-Technology/POBTOOLS4/sdk/pobeye2\libpob2.a(cam_pobeye2.o)
 .glue_7t       0x00007abc        0x0 C:/Program Files/POB-Technology/POBTOOLS4/sdk/pobeye2\libpob2.a(visio.o)
 .glue_7t       0x00007abc        0x0 C:/Program Files/POB-Technology/POBTOOLS4/sdk/pobeye2\libpob2.a(interrupt.o)
 .glue_7t       0x00007abc        0x0 C:/Program Files/POB-Technology/POBTOOLS4/sdk/pobeye2\libpob2.a(pob-proto.o)
 .glue_7t       0x00007abc        0x0 C:/Program Files/POB-Technology/POBTOOLS4/sdk/pobeye2\libpob2.a(graph.o)
 .glue_7t       0x00007abc        0x0 C:/Program Files/POB-Technology/POBTOOLS4/sdk/pobeye2\libpob2.a(lcd.o)
 .glue_7t       0x00007abc        0x0 C:/Program Files/POB-Technology/POBTOOLS4/sdk/pobeye2\libpob2.a(io-bus.o)
 .glue_7t       0x00007abc        0x0 C:/Program Files/POB-Technology/POBTOOLS4/sdk/pobeye2\libpob2.a(timer.o)
 .glue_7t       0x00007abc        0x0 c:/yagarto/bin/../lib/gcc/arm-elf/4.4.1/interwork\libgcc.a(_udivsi3.o)
 .glue_7t       0x00007abc        0x0 c:/yagarto/bin/../lib/gcc/arm-elf/4.4.1/interwork\libgcc.a(_divsi3.o)
 .glue_7t       0x00007abc        0x0 c:/yagarto/bin/../lib/gcc/arm-elf/4.4.1/interwork\libgcc.a(_dvmd_tls.o)
 .glue_7t       0x00007abc        0x0 c:/yagarto/bin/../lib/gcc/arm-elf/4.4.1/interwork\libgcc.a(_arm_addsubdf3.o)
 .glue_7t       0x00007abc        0x0 c:/yagarto/bin/../lib/gcc/arm-elf/4.4.1/interwork\libgcc.a(_arm_muldivdf3.o)
 .glue_7t       0x00007abc        0x0 c:/yagarto/bin/../lib/gcc/arm-elf/4.4.1/interwork\libgcc.a(_arm_truncdfsf2.o)
 .glue_7t       0x00007abc        0x0 c:/yagarto/bin/../lib/gcc/arm-elf/4.4.1/interwork\libgcc.a(_arm_addsubsf3.o)
 .glue_7t       0x00007abc        0x0 c:/yagarto/bin/../lib/gcc/arm-elf/4.4.1/interwork\libgcc.a(_arm_muldivsf3.o)
 .glue_7t       0x00007abc        0x0 c:/yagarto/bin/../lib/gcc/arm-elf/4.4.1/interwork\libgcc.a(_arm_fixunssfsi.o)

.vfp11_veneer   0x00000000        0x0
 .vfp11_veneer  0x00000000        0x0 ./main.o
 .vfp11_veneer  0x00000000        0x0 ./menu.o
 .vfp11_veneer  0x00000000        0x0 ./pad.o
 .vfp11_veneer  0x00000000        0x0 C:/Program Files/POB-Technology/POBTOOLS4/sdk/pobeye2\boot.o
 .vfp11_veneer  0x00000000        0x0 C:/Program Files/POB-Technology/POBTOOLS4/sdk/pobeye2\libpob2.a(init.o)
 .vfp11_veneer  0x00000000        0x0 C:/Program Files/POB-Technology/POBTOOLS4/sdk/pobeye2\libpob2.a(uart0.o)
 .vfp11_veneer  0x00000000        0x0 C:/Program Files/POB-Technology/POBTOOLS4/sdk/pobeye2\libpob2.a(utils.o)
 .vfp11_veneer  0x00000000        0x0 C:/Program Files/POB-Technology/POBTOOLS4/sdk/pobeye2\libpob2.a(i2c.o)
 .vfp11_veneer  0x00000000        0x0 C:/Program Files/POB-Technology/POBTOOLS4/sdk/pobeye2\libpob2.a(cam_pobeye2.o)
 .vfp11_veneer  0x00000000        0x0 C:/Program Files/POB-Technology/POBTOOLS4/sdk/pobeye2\libpob2.a(visio.o)
 .vfp11_veneer  0x00000000        0x0 C:/Program Files/POB-Technology/POBTOOLS4/sdk/pobeye2\libpob2.a(interrupt.o)
 .vfp11_veneer  0x00000000        0x0 C:/Program Files/POB-Technology/POBTOOLS4/sdk/pobeye2\libpob2.a(pob-proto.o)
 .vfp11_veneer  0x00000000        0x0 C:/Program Files/POB-Technology/POBTOOLS4/sdk/pobeye2\libpob2.a(graph.o)
 .vfp11_veneer  0x00000000        0x0 C:/Program Files/POB-Technology/POBTOOLS4/sdk/pobeye2\libpob2.a(lcd.o)
 .vfp11_veneer  0x00000000        0x0 C:/Program Files/POB-Technology/POBTOOLS4/sdk/pobeye2\libpob2.a(io-bus.o)
 .vfp11_veneer  0x00000000        0x0 C:/Program Files/POB-Technology/POBTOOLS4/sdk/pobeye2\libpob2.a(timer.o)
 .vfp11_veneer  0x00000000        0x0 c:/yagarto/bin/../lib/gcc/arm-elf/4.4.1/interwork\libgcc.a(_udivsi3.o)
 .vfp11_veneer  0x00000000        0x0 c:/yagarto/bin/../lib/gcc/arm-elf/4.4.1/interwork\libgcc.a(_divsi3.o)
 .vfp11_veneer  0x00000000        0x0 c:/yagarto/bin/../lib/gcc/arm-elf/4.4.1/interwork\libgcc.a(_dvmd_tls.o)
 .vfp11_veneer  0x00000000        0x0 c:/yagarto/bin/../lib/gcc/arm-elf/4.4.1/interwork\libgcc.a(_arm_addsubdf3.o)
 .vfp11_veneer  0x00000000        0x0 c:/yagarto/bin/../lib/gcc/arm-elf/4.4.1/interwork\libgcc.a(_arm_muldivdf3.o)
 .vfp11_veneer  0x00000000        0x0 c:/yagarto/bin/../lib/gcc/arm-elf/4.4.1/interwork\libgcc.a(_arm_truncdfsf2.o)
 .vfp11_veneer  0x00000000        0x0 c:/yagarto/bin/../lib/gcc/arm-elf/4.4.1/interwork\libgcc.a(_arm_addsubsf3.o)
 .vfp11_veneer  0x00000000        0x0 c:/yagarto/bin/../lib/gcc/arm-elf/4.4.1/interwork\libgcc.a(_arm_muldivsf3.o)
 .vfp11_veneer  0x00000000        0x0 c:/yagarto/bin/../lib/gcc/arm-elf/4.4.1/interwork\libgcc.a(_arm_fixunssfsi.o)

.v4_bx          0x00000000        0x0
 .v4_bx         0x00000000        0x0 ./main.o
 .v4_bx         0x00000000        0x0 ./menu.o
 .v4_bx         0x00000000        0x0 ./pad.o
 .v4_bx         0x00000000        0x0 C:/Program Files/POB-Technology/POBTOOLS4/sdk/pobeye2\boot.o
 .v4_bx         0x00000000        0x0 C:/Program Files/POB-Technology/POBTOOLS4/sdk/pobeye2\libpob2.a(init.o)
 .v4_bx         0x00000000        0x0 C:/Program Files/POB-Technology/POBTOOLS4/sdk/pobeye2\libpob2.a(uart0.o)
 .v4_bx         0x00000000        0x0 C:/Program Files/POB-Technology/POBTOOLS4/sdk/pobeye2\libpob2.a(utils.o)
 .v4_bx         0x00000000        0x0 C:/Program Files/POB-Technology/POBTOOLS4/sdk/pobeye2\libpob2.a(i2c.o)
 .v4_bx         0x00000000        0x0 C:/Program Files/POB-Technology/POBTOOLS4/sdk/pobeye2\libpob2.a(cam_pobeye2.o)
 .v4_bx         0x00000000        0x0 C:/Program Files/POB-Technology/POBTOOLS4/sdk/pobeye2\libpob2.a(visio.o)
 .v4_bx         0x00000000        0x0 C:/Program Files/POB-Technology/POBTOOLS4/sdk/pobeye2\libpob2.a(interrupt.o)
 .v4_bx         0x00000000        0x0 C:/Program Files/POB-Technology/POBTOOLS4/sdk/pobeye2\libpob2.a(pob-proto.o)
 .v4_bx         0x00000000        0x0 C:/Program Files/POB-Technology/POBTOOLS4/sdk/pobeye2\libpob2.a(graph.o)
 .v4_bx         0x00000000        0x0 C:/Program Files/POB-Technology/POBTOOLS4/sdk/pobeye2\libpob2.a(lcd.o)
 .v4_bx         0x00000000        0x0 C:/Program Files/POB-Technology/POBTOOLS4/sdk/pobeye2\libpob2.a(io-bus.o)
 .v4_bx         0x00000000        0x0 C:/Program Files/POB-Technology/POBTOOLS4/sdk/pobeye2\libpob2.a(timer.o)
 .v4_bx         0x00000000        0x0 c:/yagarto/bin/../lib/gcc/arm-elf/4.4.1/interwork\libgcc.a(_udivsi3.o)
 .v4_bx         0x00000000        0x0 c:/yagarto/bin/../lib/gcc/arm-elf/4.4.1/interwork\libgcc.a(_divsi3.o)
 .v4_bx         0x00000000        0x0 c:/yagarto/bin/../lib/gcc/arm-elf/4.4.1/interwork\libgcc.a(_dvmd_tls.o)
 .v4_bx         0x00000000        0x0 c:/yagarto/bin/../lib/gcc/arm-elf/4.4.1/interwork\libgcc.a(_arm_addsubdf3.o)
 .v4_bx         0x00000000        0x0 c:/yagarto/bin/../lib/gcc/arm-elf/4.4.1/interwork\libgcc.a(_arm_muldivdf3.o)
 .v4_bx         0x00000000        0x0 c:/yagarto/bin/../lib/gcc/arm-elf/4.4.1/interwork\libgcc.a(_arm_truncdfsf2.o)
 .v4_bx         0x00000000        0x0 c:/yagarto/bin/../lib/gcc/arm-elf/4.4.1/interwork\libgcc.a(_arm_addsubsf3.o)
 .v4_bx         0x00000000        0x0 c:/yagarto/bin/../lib/gcc/arm-elf/4.4.1/interwork\libgcc.a(_arm_muldivsf3.o)
 .v4_bx         0x00000000        0x0 c:/yagarto/bin/../lib/gcc/arm-elf/4.4.1/interwork\libgcc.a(_arm_fixunssfsi.o)

.eh_frame
 *(.eh_frame)
                0x00000000                __end_of_text__ = .

.data           0x40000000        0x2 load address 0x00007abc
                0x40000000                __data_beg__ = .
                0x00007abc                __data_beg_src__ = __end_of_text__
 *(.data)
 .data          0x40000000        0x0 ./main.o
 .data          0x40000000        0x2 ./menu.o
                0x40000000                X_Cursor
                0x40000001                Y_Cursor
 .data          0x40000002        0x0 ./pad.o
 .data          0x40000002        0x0 C:/Program Files/POB-Technology/POBTOOLS4/sdk/pobeye2\boot.o
 .data          0x40000002        0x0 C:/Program Files/POB-Technology/POBTOOLS4/sdk/pobeye2\libpob2.a(init.o)
 .data          0x40000002        0x0 C:/Program Files/POB-Technology/POBTOOLS4/sdk/pobeye2\libpob2.a(uart0.o)
 .data          0x40000002        0x0 C:/Program Files/POB-Technology/POBTOOLS4/sdk/pobeye2\libpob2.a(utils.o)
 .data          0x40000002        0x0 C:/Program Files/POB-Technology/POBTOOLS4/sdk/pobeye2\libpob2.a(i2c.o)
 .data          0x40000002        0x0 C:/Program Files/POB-Technology/POBTOOLS4/sdk/pobeye2\libpob2.a(cam_pobeye2.o)
 .data          0x40000002        0x0 C:/Program Files/POB-Technology/POBTOOLS4/sdk/pobeye2\libpob2.a(visio.o)
 .data          0x40000002        0x0 C:/Program Files/POB-Technology/POBTOOLS4/sdk/pobeye2\libpob2.a(interrupt.o)
 .data          0x40000002        0x0 C:/Program Files/POB-Technology/POBTOOLS4/sdk/pobeye2\libpob2.a(pob-proto.o)
 .data          0x40000002        0x0 C:/Program Files/POB-Technology/POBTOOLS4/sdk/pobeye2\libpob2.a(graph.o)
 .data          0x40000002        0x0 C:/Program Files/POB-Technology/POBTOOLS4/sdk/pobeye2\libpob2.a(lcd.o)
 .data          0x40000002        0x0 C:/Program Files/POB-Technology/POBTOOLS4/sdk/pobeye2\libpob2.a(io-bus.o)
 .data          0x40000002        0x0 C:/Program Files/POB-Technology/POBTOOLS4/sdk/pobeye2\libpob2.a(timer.o)
 .data          0x40000002        0x0 c:/yagarto/bin/../lib/gcc/arm-elf/4.4.1/interwork\libgcc.a(_udivsi3.o)
 .data          0x40000002        0x0 c:/yagarto/bin/../lib/gcc/arm-elf/4.4.1/interwork\libgcc.a(_divsi3.o)
 .data          0x40000002        0x0 c:/yagarto/bin/../lib/gcc/arm-elf/4.4.1/interwork\libgcc.a(_dvmd_tls.o)
 .data          0x40000002        0x0 c:/yagarto/bin/../lib/gcc/arm-elf/4.4.1/interwork\libgcc.a(_arm_addsubdf3.o)
 .data          0x40000002        0x0 c:/yagarto/bin/../lib/gcc/arm-elf/4.4.1/interwork\libgcc.a(_arm_muldivdf3.o)
 .data          0x40000002        0x0 c:/yagarto/bin/../lib/gcc/arm-elf/4.4.1/interwork\libgcc.a(_arm_truncdfsf2.o)
 .data          0x40000002        0x0 c:/yagarto/bin/../lib/gcc/arm-elf/4.4.1/interwork\libgcc.a(_arm_addsubsf3.o)
 .data          0x40000002        0x0 c:/yagarto/bin/../lib/gcc/arm-elf/4.4.1/interwork\libgcc.a(_arm_muldivsf3.o)
 .data          0x40000002        0x0 c:/yagarto/bin/../lib/gcc/arm-elf/4.4.1/interwork\libgcc.a(_arm_fixunssfsi.o)
                0x40000002                __data_end__ = .

.bss            0x40000004     0x5f60
                0x40000004                __bss_beg__ = .
 *(.bss)
 .bss           0x40000004     0x1410 ./main.o
 .bss           0x40001414        0x0 ./menu.o
 .bss           0x40001414        0x0 ./pad.o
 .bss           0x40001414        0x0 C:/Program Files/POB-Technology/POBTOOLS4/sdk/pobeye2\boot.o
 .bss           0x40001414        0x0 C:/Program Files/POB-Technology/POBTOOLS4/sdk/pobeye2\libpob2.a(init.o)
 .bss           0x40001414        0x0 C:/Program Files/POB-Technology/POBTOOLS4/sdk/pobeye2\libpob2.a(uart0.o)
 .bss           0x40001414        0x0 C:/Program Files/POB-Technology/POBTOOLS4/sdk/pobeye2\libpob2.a(utils.o)
 .bss           0x40001414        0x0 C:/Program Files/POB-Technology/POBTOOLS4/sdk/pobeye2\libpob2.a(i2c.o)
 .bss           0x40001414     0x4b00 C:/Program Files/POB-Technology/POBTOOLS4/sdk/pobeye2\libpob2.a(cam_pobeye2.o)
 .bss           0x40005f14        0x0 C:/Program Files/POB-Technology/POBTOOLS4/sdk/pobeye2\libpob2.a(visio.o)
 .bss           0x40005f14        0x0 C:/Program Files/POB-Technology/POBTOOLS4/sdk/pobeye2\libpob2.a(interrupt.o)
 .bss           0x40005f14        0x0 C:/Program Files/POB-Technology/POBTOOLS4/sdk/pobeye2\libpob2.a(pob-proto.o)
 .bss           0x40005f14        0x0 C:/Program Files/POB-Technology/POBTOOLS4/sdk/pobeye2\libpob2.a(graph.o)
 .bss           0x40005f14        0x0 C:/Program Files/POB-Technology/POBTOOLS4/sdk/pobeye2\libpob2.a(lcd.o)
 .bss           0x40005f14        0x0 C:/Program Files/POB-Technology/POBTOOLS4/sdk/pobeye2\libpob2.a(io-bus.o)
 .bss           0x40005f14        0x0 C:/Program Files/POB-Technology/POBTOOLS4/sdk/pobeye2\libpob2.a(timer.o)
 .bss           0x40005f14        0x0 c:/yagarto/bin/../lib/gcc/arm-elf/4.4.1/interwork\libgcc.a(_udivsi3.o)
 .bss           0x40005f14        0x0 c:/yagarto/bin/../lib/gcc/arm-elf/4.4.1/interwork\libgcc.a(_divsi3.o)
 .bss           0x40005f14        0x0 c:/yagarto/bin/../lib/gcc/arm-elf/4.4.1/interwork\libgcc.a(_dvmd_tls.o)
 .bss           0x40005f14        0x0 c:/yagarto/bin/../lib/gcc/arm-elf/4.4.1/interwork\libgcc.a(_arm_addsubdf3.o)
 .bss           0x40005f14        0x0 c:/yagarto/bin/../lib/gcc/arm-elf/4.4.1/interwork\libgcc.a(_arm_muldivdf3.o)
 .bss           0x40005f14        0x0 c:/yagarto/bin/../lib/gcc/arm-elf/4.4.1/interwork\libgcc.a(_arm_truncdfsf2.o)
 .bss           0x40005f14        0x0 c:/yagarto/bin/../lib/gcc/arm-elf/4.4.1/interwork\libgcc.a(_arm_addsubsf3.o)
 .bss           0x40005f14        0x0 c:/yagarto/bin/../lib/gcc/arm-elf/4.4.1/interwork\libgcc.a(_arm_muldivsf3.o)
 .bss           0x40005f14        0x0 c:/yagarto/bin/../lib/gcc/arm-elf/4.4.1/interwork\libgcc.a(_arm_fixunssfsi.o)
 COMMON         0x40005f14       0x48 C:/Program Files/POB-Technology/POBTOOLS4/sdk/pobeye2\libpob2.a(uart0.o)
                0x40005f14                uart0UserRead
                0x40005f18                uart0IntrBuffer
                0x40005f58                uart0IntrWrite
 COMMON         0x40005f5c        0x8 C:/Program Files/POB-Technology/POBTOOLS4/sdk/pobeye2\libpob2.a(timer.o)
                0x40005f5c                Timer0Flag
                0x40005f60                Timer0UserProcess

.stack          0x40006000     0x2000
                0x40008000                . = (. + 0x2000)
 *fill*         0x40006000     0x2000 00
                0x40008000                __stack_end__ = .
                0x40008000                . = ALIGN (0x4)
                0x40008000                . = ALIGN (0x4)
                0x40008000                _end = .
                0x40008000                _bss_end__ = .
                0x40008000                __bss_end__ = .
                0x40008000                __end__ = .
                0x40008000                PROVIDE (end, .)
OUTPUT(./pob-bot-demo.elf elf32-littlearm)

.comment        0x00000000      0x10e
 .comment       0x00000000       0x12 ./main.o
 .comment       0x00000012       0x12 ./menu.o
 .comment       0x00000024       0x12 ./pad.o
 .comment       0x00000036       0x12 C:/Program Files/POB-Technology/POBTOOLS4/sdk/pobeye2\libpob2.a(init.o)
 .comment       0x00000048       0x12 C:/Program Files/POB-Technology/POBTOOLS4/sdk/pobeye2\libpob2.a(uart0.o)
 .comment       0x0000005a       0x12 C:/Program Files/POB-Technology/POBTOOLS4/sdk/pobeye2\libpob2.a(utils.o)
 .comment       0x0000006c       0x12 C:/Program Files/POB-Technology/POBTOOLS4/sdk/pobeye2\libpob2.a(i2c.o)
 .comment       0x0000007e       0x12 C:/Program Files/POB-Technology/POBTOOLS4/sdk/pobeye2\libpob2.a(cam_pobeye2.o)
 .comment       0x00000090       0x12 C:/Program Files/POB-Technology/POBTOOLS4/sdk/pobeye2\libpob2.a(visio.o)
 .comment       0x000000a2       0x12 C:/Program Files/POB-Technology/POBTOOLS4/sdk/pobeye2\libpob2.a(interrupt.o)
 .comment       0x000000b4       0x12 C:/Program Files/POB-Technology/POBTOOLS4/sdk/pobeye2\libpob2.a(pob-proto.o)
 .comment       0x000000c6       0x12 C:/Program Files/POB-Technology/POBTOOLS4/sdk/pobeye2\libpob2.a(graph.o)
 .comment       0x000000d8       0x12 C:/Program Files/POB-Technology/POBTOOLS4/sdk/pobeye2\libpob2.a(lcd.o)
 .comment       0x000000ea       0x12 C:/Program Files/POB-Technology/POBTOOLS4/sdk/pobeye2\libpob2.a(io-bus.o)
 .comment       0x000000fc       0x12 C:/Program Files/POB-Technology/POBTOOLS4/sdk/pobeye2\libpob2.a(timer.o)

.ARM.attributes
                0x00000000       0x10
 .ARM.attributes
                0x00000000       0x10 ./main.o
 .ARM.attributes
                0x00000010       0x10 ./menu.o
 .ARM.attributes
                0x00000020       0x10 ./pad.o
 .ARM.attributes
                0x00000030       0x10 C:/Program Files/POB-Technology/POBTOOLS4/sdk/pobeye2\boot.o
 .ARM.attributes
                0x00000040       0x10 C:/Program Files/POB-Technology/POBTOOLS4/sdk/pobeye2\libpob2.a(init.o)
 .ARM.attributes
                0x00000050       0x10 C:/Program Files/POB-Technology/POBTOOLS4/sdk/pobeye2\libpob2.a(uart0.o)
 .ARM.attributes
                0x00000060       0x10 C:/Program Files/POB-Technology/POBTOOLS4/sdk/pobeye2\libpob2.a(utils.o)
 .ARM.attributes
                0x00000070       0x10 C:/Program Files/POB-Technology/POBTOOLS4/sdk/pobeye2\libpob2.a(i2c.o)
 .ARM.attributes
                0x00000080       0x10 C:/Program Files/POB-Technology/POBTOOLS4/sdk/pobeye2\libpob2.a(cam_pobeye2.o)
 .ARM.attributes
                0x00000090       0x10 C:/Program Files/POB-Technology/POBTOOLS4/sdk/pobeye2\libpob2.a(visio.o)
 .ARM.attributes
                0x000000a0       0x10 C:/Program Files/POB-Technology/POBTOOLS4/sdk/pobeye2\libpob2.a(interrupt.o)
 .ARM.attributes
                0x000000b0       0x10 C:/Program Files/POB-Technology/POBTOOLS4/sdk/pobeye2\libpob2.a(pob-proto.o)
 .ARM.attributes
                0x000000c0       0x10 C:/Program Files/POB-Technology/POBTOOLS4/sdk/pobeye2\libpob2.a(graph.o)
 .ARM.attributes
                0x000000d0       0x10 C:/Program Files/POB-Technology/POBTOOLS4/sdk/pobeye2\libpob2.a(lcd.o)
 .ARM.attributes
                0x000000e0       0x10 C:/Program Files/POB-Technology/POBTOOLS4/sdk/pobeye2\libpob2.a(io-bus.o)
 .ARM.attributes
                0x000000f0       0x10 C:/Program Files/POB-Technology/POBTOOLS4/sdk/pobeye2\libpob2.a(timer.o)
 .ARM.attributes
                0x00000100       0x10 c:/yagarto/bin/../lib/gcc/arm-elf/4.4.1/interwork\libgcc.a(_udivsi3.o)
 .ARM.attributes
                0x00000110       0x10 c:/yagarto/bin/../lib/gcc/arm-elf/4.4.1/interwork\libgcc.a(_divsi3.o)
 .ARM.attributes
                0x00000120       0x10 c:/yagarto/bin/../lib/gcc/arm-elf/4.4.1/interwork\libgcc.a(_dvmd_tls.o)
 .ARM.attributes
                0x00000130       0x10 c:/yagarto/bin/../lib/gcc/arm-elf/4.4.1/interwork\libgcc.a(_arm_addsubdf3.o)
 .ARM.attributes
                0x00000140       0x10 c:/yagarto/bin/../lib/gcc/arm-elf/4.4.1/interwork\libgcc.a(_arm_muldivdf3.o)
 .ARM.attributes
                0x00000150       0x10 c:/yagarto/bin/../lib/gcc/arm-elf/4.4.1/interwork\libgcc.a(_arm_truncdfsf2.o)
 .ARM.attributes
                0x00000160       0x10 c:/yagarto/bin/../lib/gcc/arm-elf/4.4.1/interwork\libgcc.a(_arm_addsubsf3.o)
 .ARM.attributes
                0x00000170       0x10 c:/yagarto/bin/../lib/gcc/arm-elf/4.4.1/interwork\libgcc.a(_arm_muldivsf3.o)
 .ARM.attributes
                0x00000180       0x10 c:/yagarto/bin/../lib/gcc/arm-elf/4.4.1/interwork\libgcc.a(_arm_fixunssfsi.o)

.debug_frame

.debug_line

.debug_info

.debug_abbrev

.debug_aranges
